   Compiling syn v3.0.6
   Compiling aws-lc-sys v0.45.0
   Compiling stable_deref_trait v1.2.1
   Compiling synstructure v0.14.0
   Compiling zerofrom-derive v0.1.8
   Compiling zerofrom v0.1.8
   Compiling yoke-derive v0.8.3
   Compiling yoke v0.8.3
   Compiling zerovec-derive v0.11.6
   Compiling aws-lc-rs v1.18.1
   Compiling zerovec v0.11.8
   Compiling displaydoc v0.2.7
   Compiling futures-core v0.3.34
   Compiling tokio-macros v2.7.2
   Compiling smallvec v1.16.1
   Compiling tokio v1.53.1
   Compiling tinystr v0.8.4
   Compiling serde_derive v1.0.229
   Compiling once_cell v1.21.4
   Compiling litemap v0.8.3
   Compiling writeable v0.6.4
   Compiling icu_locale_core v2.3.0
   Compiling serde v1.0.229
   Compiling uuid v1.24.0
   Compiling zerotrie v0.2.5
   Compiling potential_utf v0.1.6
   Compiling thiserror-impl v2.0.20
   Compiling core-foundation-sys v0.8.7
   Compiling icu_properties_data v2.3.0
   Compiling utf8_iter v1.0.4
   Compiling icu_normalizer_data v2.3.0
   Compiling icu_collections v2.3.0
   Compiling thiserror v2.0.20
   Compiling icu_provider v2.3.1
   Compiling http v1.5.0
   Compiling bitflags v2.13.2
   Compiling kontor-core v0.2.1 (/private/var/folders/t3/0tbx772d571_57t01yb9twx00000gn/T/asma-8278-authority-ledger-validation-eevekms_/isolated-source/crates/kontor-core)
   Compiling http-body v1.1.0
   Compiling rustls-pki-types v1.15.1
   Compiling futures-task v0.3.34
   Compiling rustls v0.23.45
   Compiling percent-encoding v2.3.2
   Compiling httparse v1.10.1
   Compiling slab v0.4.12
   Compiling untrusted v0.9.0
   Compiling futures-util v0.3.34
   Compiling icu_normalizer v2.3.0
   Compiling icu_properties v2.3.0
   Compiling autocfg v1.5.1
   Compiling try-lock v0.2.5
   Compiling subtle v2.6.1
   Compiling tower-service v0.3.3
   Compiling want v0.3.1
   Compiling num-traits v0.2.19
   Compiling idna_adapter v1.2.2
   Compiling tracing-core v0.1.36
   Compiling futures-channel v0.3.34
   Compiling async-trait v0.1.92
   Compiling atomic-waker v1.1.2
   Compiling hyper v1.11.1
   Compiling tracing v0.1.44
   Compiling idna v1.1.0
   Compiling form_urlencoded v1.2.2
   Compiling security-framework-sys v2.17.0
   Compiling core-foundation v0.10.1
   Compiling sync_wrapper v1.0.2
   Compiling nom v8.0.0
   Compiling ipnet v2.12.2
   Compiling tower-layer v0.3.3
   Compiling base64 v0.22.1
   Compiling vcpkg v0.2.15
   Compiling libsqlite3-sys v0.38.2
   Compiling hyper-util v0.1.20
   Compiling tower v0.5.3
   Compiling security-framework v3.7.0
   Compiling url v2.5.8
   Compiling iana-time-zone v0.1.65
   Compiling log v0.4.34
   Compiling foldhash v0.2.0
   Compiling futures-sink v0.3.34
   Compiling tokio-util v0.7.19
   Compiling hashbrown v0.17.1
   Compiling chrono v0.4.45
   Compiling tower-http v0.6.11
   Compiling nom-language v0.1.0
   Compiling iso8601 v0.6.6
   Compiling http-body-util v0.1.5
   Compiling kontor-policy v0.2.1 (/private/var/folders/t3/0tbx772d571_57t01yb9twx00000gn/T/asma-8278-authority-ledger-validation-eevekms_/isolated-source/crates/kontor-policy)
   Compiling kontor-context v0.2.1 (/private/var/folders/t3/0tbx772d571_57t01yb9twx00000gn/T/asma-8278-authority-ledger-validation-eevekms_/isolated-source/crates/kontor-context)
   Compiling rustix v1.1.5
   Compiling icalendar v0.17.13
   Compiling hashlink v0.12.2
   Compiling fallible-iterator v0.3.0
   Compiling fallible-streaming-iterator v0.1.9
   Compiling rusqlite v0.40.2
   Compiling fastrand v2.5.0
   Compiling tempfile v3.27.0
   Compiling rustls-webpki v0.103.15
   Compiling kontor-runtime v0.2.1 (/private/var/folders/t3/0tbx772d571_57t01yb9twx00000gn/T/asma-8278-authority-ledger-validation-eevekms_/isolated-source/crates/kontor-runtime)
   Compiling tokio-rustls v0.26.5
   Compiling hyper-rustls v0.27.9
   Compiling rustls-platform-verifier v0.7.0
   Compiling reqwest v0.13.4
   Compiling kontor-teams v0.2.1 (/private/var/folders/t3/0tbx772d571_57t01yb9twx00000gn/T/asma-8278-authority-ledger-validation-eevekms_/isolated-source/crates/kontor-teams)
   Compiling kontor-scheduler v0.2.1 (/private/var/folders/t3/0tbx772d571_57t01yb9twx00000gn/T/asma-8278-authority-ledger-validation-eevekms_/isolated-source/crates/kontor-scheduler)
   Compiling kontor-profiles v0.2.1 (/private/var/folders/t3/0tbx772d571_57t01yb9twx00000gn/T/asma-8278-authority-ledger-validation-eevekms_/isolated-source/crates/kontor-profiles)
   Compiling kontor-calendar v0.2.1 (/private/var/folders/t3/0tbx772d571_57t01yb9twx00000gn/T/asma-8278-authority-ledger-validation-eevekms_/isolated-source/crates/kontor-calendar)
   Compiling kontor-store v0.2.1 (/private/var/folders/t3/0tbx772d571_57t01yb9twx00000gn/T/asma-8278-authority-ledger-validation-eevekms_/isolated-source/crates/kontor-store)
    Finished `test` profile [unoptimized + debuginfo] target(s) in 1m 37s
     Running tests/attestation_authority.rs (/var/folders/t3/0tbx772d571_57t01yb9twx00000gn/T/asma-8278-owner-check-validation-o7fe64z3/mutation-target/debug/deps/attestation_authority-56fe9fa166913f8c)

running 1 test
test exact_expected_head_is_required_and_failed_writes_leave_no_partial_mutation ... ok

test result: ok. 1 passed; 0 failed; 0 ignored; 0 measured; 9 filtered out; finished in 2.06s

