   Compiling kontor-store v0.2.1 (/Users/igor/carasent/asma-modules/.worktrees/kontor-compat-recovery/asma-rs-kontor/crates/kontor-store)
   Compiling kontor-api v0.2.1 (/Users/igor/carasent/asma-modules/.worktrees/kontor-compat-recovery/asma-rs-kontor/crates/kontor-api)
   Compiling kontor-daemon v0.2.1 (/Users/igor/carasent/asma-modules/.worktrees/kontor-compat-recovery/asma-rs-kontor/crates/kontor-daemon)
    Finished `test` profile [unoptimized + debuginfo] target(s) in 18.77s
     Running tests/loopback_api.rs (target/qualification/debug/deps/loopback_api-85725f7dd1eb38be)

running 9 tests
test a_gate_verdict_is_append_only_authority_checked_and_waiver_is_admin ... ok
test gate_recovery_is_refused_while_the_evaluator_seat_is_alive ... ok
test gate_recovery_records_a_closed_evaluators_verdict_with_session_evidence ... ok
test gate_recovery_is_refused_without_matching_session_evidence ... ok
test a_gate_cannot_pass_on_caller_named_unproduced_evidence ... ok
test a_gate_cannot_pass_before_its_workflow_phase_is_ready ... ok
test gate_recovery_cannot_fabricate_a_pass ... ok
test a_phase_advancing_gate_replays_after_revision_change_and_restart ... ok
test an_unaccounted_slot_or_an_undischarged_gate_withholds_closure ... ok

test result: ok. 9 passed; 0 failed; 0 ignored; 0 measured; 263 filtered out; finished in 27.01s

   Compiling kontor-daemon v0.2.1 (/Users/igor/carasent/asma-modules/.worktrees/kontor-compat-recovery/asma-rs-kontor/crates/kontor-daemon)
    Finished `test` profile [unoptimized + debuginfo] target(s) in 13.76s
     Running tests/loopback_api.rs (target/qualification/debug/deps/loopback_api-85725f7dd1eb38be)

running 1 test
test a_phase_advancing_gate_replays_after_revision_change_and_restart ... ok

test result: ok. 1 passed; 0 failed; 0 ignored; 0 measured; 271 filtered out; finished in 1.72s

