   Compiling kontor-store v0.2.1 (/private/var/folders/t3/0tbx772d571_57t01yb9twx00000gn/T/asma-8278-ledger-a01-wal-validation-2i033aws/isolated-source/crates/kontor-store)
    Finished `test` profile [unoptimized + debuginfo] target(s) in 13.59s
     Running tests/backup_snapshot.rs (/var/folders/t3/0tbx772d571_57t01yb9twx00000gn/T/asma-8278-owner-check-validation-o7fe64z3/mutation-target/debug/deps/backup_snapshot-ba16d7a45b9280c9)

running 2 tests
test missing_main_with_committed_wal_refuses_without_changing_destination_files ... FAILED
test zero_main_with_committed_wal_refuses_without_changing_destination_files ... FAILED

failures:

---- missing_main_with_committed_wal_refuses_without_changing_destination_files stdout ----

thread 'missing_main_with_committed_wal_refuses_without_changing_destination_files' (27150697) panicked at crates/kontor-store/tests/backup_snapshot.rs:338:5:
assertion failed: matches!(restore_snapshot(&snapshot.snapshot, &destination,
    at("2026-10-03T19:01:00Z")), Err(BackupError::Verification { .. }))
note: run with `RUST_BACKTRACE=1` environment variable to display a backtrace

---- zero_main_with_committed_wal_refuses_without_changing_destination_files stdout ----

thread 'zero_main_with_committed_wal_refuses_without_changing_destination_files' (27150698) panicked at crates/kontor-store/tests/backup_snapshot.rs:338:5:
assertion failed: matches!(restore_snapshot(&snapshot.snapshot, &destination,
    at("2026-10-03T19:01:00Z")), Err(BackupError::Verification { .. }))


failures:
    missing_main_with_committed_wal_refuses_without_changing_destination_files
    zero_main_with_committed_wal_refuses_without_changing_destination_files

test result: FAILED. 0 passed; 2 failed; 0 ignored; 0 measured; 21 filtered out; finished in 11.64s

error: test failed, to rerun pass `-p kontor-store --test backup_snapshot`
