=== 06-daemon ===
head          : b236eda75b6d95f96442ad37224030d7de753195
tree          : 498939c3f301ea39c7e7664c197b54459369f9f9
command       : cargo test -p kontor-daemon -- --test-threads=1
toolchain     : rustc 1.97.1 (8bab26f4f 2026-07-14)
started       : 2026-10-03T18:49:51Z
disk free     : 154Gi
--- git status --porcelain=v1 (whole repo, verbatim) BEFORE ---
--- (end; no lines above means nothing was dirty) ---
source vs HEAD: every tracked source path identical to HEAD
applications.rs blob: c0269934e5348247e9834c8428fe5a730cbded2c (HEAD)
applications.rs disk: c0269934e5348247e9834c8428fe5a730cbded2c (working tree)
--- raw output ---
    Finished `test` profile [unoptimized + debuginfo] target(s) in 0.28s
     Running unittests src/lib.rs (target/debug/deps/kontor_daemon-efbe81bf64c053fc)

running 128 tests
test applications::coherence::a_projection_left_unreleased_stops_waiting_at_its_deadline ... ok
test applications::coherence::an_unreached_barrier_reports_instead_of_asserting ... ok
test applications::coherence::the_core_team_projection_answers_from_one_instant ... ok
test applications::coherence::the_harness_fails_a_stuck_worker_instead_of_waiting_for_it ... ok
test applications::coherence::the_occupancy_chain_answers_from_one_instant ... ok
test applications::tests::a_committee_reviewer_is_never_seated_on_an_unknown_vendor ... ok
test applications::tests::a_cross_provider_account_pin_freezes_the_claude_work_route ... ok
test applications::tests::a_fleet_listed_route_is_catalogued_only_while_listed ... ok
test applications::tests::a_generic_consultation_route_requires_one_headroom_basis_account ... ok
test applications::tests::a_leadership_seat_resolves_the_same_plane_default_a_delivery_seat_does ... ok
test applications::tests::a_native_launch_refusal_keeps_its_exact_actionable_reason_in_scheduler_evidence ... ok
test applications::tests::a_native_migration_waits_for_inflight_work_without_admitting_new_readers ... ok
test applications::tests::a_pre_v47_placeholder_template_renders_from_the_exact_epic_scope ... ok
test applications::tests::a_same_issue_rename_selects_the_current_key_for_every_write ... ok
test applications::tests::a_scan_resumes_after_the_last_admission_it_took ... ok
test applications::tests::a_scan_that_took_nothing_leaves_the_position_alone ... ok
test applications::tests::a_stuck_native_operation_bounds_migration_wait_and_releases_the_queue ... ok
test applications::tests::a_team_with_no_handoffs_starts_every_slot ... ok
test applications::tests::an_explicit_recovery_alias_resolves_one_account_and_refuses_ambiguity ... ok
test applications::tests::clean_re_review_refuses_contradictory_remediation_shapes ... ok
test applications::tests::clean_re_review_uses_the_committee_remediation_for_a_bounded_round ... ok
test applications::tests::clean_re_review_uses_the_lsa_proposal_after_needs_human_recovery ... ok
test applications::tests::generic_consultation_routes_expand_to_governed_aliases_and_explicit_routes_do_not ... ok
test applications::tests::kickoff_is_ready_only_when_the_epic_and_every_task_are_bound_and_placed ... ok
test applications::tests::only_an_empty_read_behind_a_cursor_ends_the_rotation ... ok
test applications::tests::only_the_slots_no_handoff_feeds_are_eligible_roots ... ok
test applications::tests::provider_admission_accepts_only_an_exact_matching_immutable_heartbeat ... ok
test applications::tests::provider_admission_never_freezes_a_refused_account_as_an_unpinned_fallback ... ok
test applications::tests::requesting_a_model_the_runtime_does_not_list_is_refused_by_the_governed_catalog ... ok
test applications::tests::seat_autonomy_resolves_slot_then_plane_then_supervised ... ok
test applications::tests::the_advertised_watchdog_fallback_routes_are_recognized_at_their_exact_ceilings ... ok
test applications::tests::unpinned_generic_routes_use_exact_declared_alias_evidence_without_changing_models ... ok
test applications::tests::whole_committee_allocation_backtracks_to_preserve_reviewer_families ... ok
test applications::tests::whole_committee_allocation_is_deterministic_and_fails_without_diversity ... ok
test applications::tests::withdrawal_alone_leaves_the_epic_completion_census ... ok
test credentials::tests::secrets_are_distinct_and_full_width ... ok
test endpoint::tests::an_ipv6_endpoint_keeps_the_brackets_a_url_authority_needs ... ok
test endpoint::tests::publishing_twice_replaces_rather_than_appends ... ok
test endpoint::tests::the_recorded_endpoint_is_what_a_client_reads ... ok
test fleet::tests::a_group_writable_file_is_refused ... ok
test fleet::tests::a_listed_route_must_match_the_models_efforts ... ok
test fleet::tests::a_missing_file_means_no_fleet ... ok
test fleet::tests::a_non_utf8_file_is_refused ... ok
test fleet::tests::a_recorded_decision_is_the_last_vendor ... ok
test fleet::tests::a_symlink_is_refused ... ok
test fleet::tests::an_edit_is_picked_up_without_restart ... ok
test fleet::tests::an_invalid_edit_keeps_the_last_valid_snapshot ... ok
test fleet::tests::an_oversized_file_is_refused ... ok
test fleet::tests::an_unavailable_domain_or_account_is_skipped ... ok
test fleet::tests::an_unbound_key_returns_none ... ok
test fleet::tests::an_unknown_vendor_has_no_independence_key ... ok
test fleet::tests::calibration_and_vision_rules_drop_models ... ok
test fleet::tests::each_accepted_hash_is_written_to_history_once ... ok
test fleet::tests::each_rule_in_appendix_b_is_enforced ... ok
test fleet::tests::every_rule_string_is_verbatim_from_appendix_b ... ok
test fleet::tests::flattening_is_model_major_then_account ... ok
test fleet::tests::malformed_yaml_and_unknown_fields_are_document_errors ... ok
test fleet::tests::the_shipped_example_parses ... ok
test fleet::tests::the_status_file_reports_the_last_error ... ok
test fleet::tests::without_a_fleet_claude_and_codex_map_to_their_vendor ... ok
test github_publication::tests::a_configuration_document_is_validated_structurally ... ok
test github_publication::tests::a_current_github_head_refuses_a_truly_stale_publication_sha ... ok
test github_publication::tests::a_pkcs8_pem_loads_and_the_jwt_verifies_under_its_public_key ... ok
test github_publication::tests::a_pull_request_maps_to_the_attestation_request_and_a_stable_key ... ok
test github_publication::tests::base64url_matches_the_jwt_alphabet_without_padding ... ok
test github_publication::tests::the_gateway_exchanges_a_jwt_posts_checks_and_merges_by_head ... ok
test logging::tests::a_value_that_looks_like_a_credential_is_replaced_even_under_an_allowed_name ... ok
test logging::tests::the_allowlist_admits_control_vocabulary_and_nothing_else ... ok
test provider_config::tests::an_existing_kontor_environment_allowlist_is_extended_without_replacement ... ok
test provider_config::tests::owned_provider_policy_changes_once_and_preserves_other_values ... ok
test provider_config::tests::reconciliation_is_limited_to_owned_codex_configs ... ok
test provider_config::tests::symlinked_homes_and_configs_are_never_rewritten ... ok
test runtimes::tests::a_broad_or_near_miss_task_exception_is_refused_at_composition ... ok
test runtimes::tests::a_configured_family_is_composed_into_the_registry ... ok
test runtimes::tests::a_declared_posture_round_trips_through_the_document ... ok
test runtimes::tests::a_document_from_another_generation_is_refused ... ok
test runtimes::tests::a_generation_four_document_is_read_and_grants_nothing ... ok
test runtimes::tests::a_paseo_host_target_is_redacted_in_debug ... ok
test runtimes::tests::a_paseo_plane_refuses_a_jira_key_as_its_kontor_epic_identity ... ok
test runtimes::tests::a_refused_value_names_the_field_and_never_the_value ... ok
test runtimes::tests::a_runtime_fallback_cannot_bypass_the_governed_model_catalog ... ok
test runtimes::tests::a_wildcard_task_exception_is_refused_at_composition ... ok
test runtimes::tests::an_absent_settings_file_is_a_realm_with_no_fleet ... ok
test runtimes::tests::an_ao_fleet_is_refused_by_name_and_nothing_is_composed ... ok
test runtimes::tests::an_unknown_family_is_malformed_and_is_never_quoted_back ... ok
test runtimes::tests::each_published_floor_pattern_composes_as_an_exception ... ok
test runtimes::tests::every_deferred_family_is_refused_the_same_way ... ok
test runtimes::tests::fable_upgrade_preserves_frozen_routes_and_accepts_the_current_release ... ok
test runtimes::tests::the_configuration_vocabulary_maps_onto_the_domain_both_ways ... ok
test runtimes::tests::the_containers_a_plane_adopts_are_read_from_its_settings ... ok
test runtimes::tests::two_settings_may_not_claim_one_family ... ok
test succession_supervision::tests::a_durable_attempt_wins_its_slot_on_every_restart_scan ... ok
test succession_supervision::tests::a_running_seat_on_the_same_account_is_never_a_candidate ... ok
test succession_supervision::tests::an_elapsed_quota_reset_is_not_current_retirement_authority ... ok
test succession_supervision::tests::bounded_dispatch_reports_each_idempotent_readback_once ... ok
test succession_supervision::tests::fresh_reachable_blocked_seats_on_the_exact_quota_pair_are_candidates ... ok
test succession_supervision::tests::provenance_from_another_native_generation_is_never_a_candidate ... ok
test succession_supervision::tests::stale_unreachable_and_other_account_seats_are_not_candidates ... ok
test succession_supervision::tests::the_configured_five_seat_cap_leaves_the_remainder_for_another_scan ... ok
test succession_supervision::tests::two_blocked_provider_rows_select_only_the_one_bound_to_the_latest_cursor ... ok
test supervision::tests::age_and_missing_progress_together_wake_the_orchestrator ... ok
test supervision::tests::an_absent_file_configures_no_implicit_watchdog ... ok
test supervision::tests::elapsed_time_without_missing_progress_is_not_a_hang ... ok
test supervision::tests::schema_one_remains_parse_compatible_and_does_not_enable_succession ... ok
test supervision::tests::schema_two_refuses_an_absent_or_zero_succession_bound ... ok
test supervision::tests::the_example_is_valid_and_notification_first ... ok
test tests::a_non_loopback_bind_is_refused_including_the_wildcards ... ok
test tests::a_present_stored_capacity_is_authoritative_over_an_invalid_seed ... ok
test tests::a_stored_capacity_the_composition_root_cannot_honour_refuses_the_start ... ok
test tests::an_invalid_seed_without_stored_capacity_refuses_start_and_releases_the_root ... ok
test tests::succession_supervision_is_v2_only_and_stops_with_the_realm ... ok
test tests::the_default_capacity_is_the_operational_set ... ok
test usage::tests::a_claude_custom_home_selects_its_scoped_keychain_service ... ok
test usage::tests::a_claude_home_is_recognised_by_its_own_credential_shape ... ok
test usage::tests::a_home_with_no_credential_yields_no_token_for_any_vendor ... ok
test usage::tests::a_token_is_read_but_never_rendered ... ok
test usage::tests::an_absent_provider_homes_directory_approves_nothing ... ok
test usage::tests::an_alias_is_looked_up_and_never_joined_so_traversal_matches_nothing ... ok
test usage::tests::an_exact_account_alias_selects_only_its_vendor_family ... ok
test usage::tests::an_observed_window_set_replaces_the_stored_one ... ok
test usage::tests::an_operator_window_set_survives_a_later_poller_record_of_the_same_header ... ok
test usage::tests::each_subdirectory_is_approved_under_its_own_name_and_files_are_not ... ok
test usage::tests::every_vendor_endpoint_is_https_and_distinct ... ok
test usage::tests::the_approved_paths_are_not_printed_at_any_verbosity ... ok
test usage::tests::usage_collector_refreshes_unchanged_evidence_automatically_inside_the_window ... ok
test usage::tests::usage_http_429_is_a_retry_instruction_not_quota_exhaustion_or_network_failure ... ok
test usage::tests::usage_throttle_expires_then_requires_a_new_actual_report ... ok
test usage::tests::usage_throttle_survives_restart_and_does_not_starve_other_accounts ... ok

test result: ok. 128 passed; 0 failed; 0 ignored; 0 measured; 0 filtered out; finished in 33.71s

     Running unittests src/main.rs (target/debug/deps/kontor_daemon-a20f67ba496d7207)

running 10 tests
test tests::a_copied_realm_and_duplicate_alias_cannot_update_a_locked_roots_entry ... ok
test tests::a_current_realm_reaches_the_credential_reader_and_fails_after_the_gate ... ok
test tests::a_realm_stopped_before_the_current_schema_refuses_without_reading_or_installing ... ok
test tests::a_running_realm_refuses_credential_installation_before_stdin_or_effects ... ok
test tests::failed_reconciliation_leaves_the_server_running ... ok
test tests::jira_credential_command_accepts_only_a_non_secret_alias ... ok
test tests::stopped_realm_installation_retains_its_lock_and_refuses_bad_input ... ok
test tests::the_server_is_polled_while_startup_reconciliation_is_pending ... ok
test tests::the_stopped_fixtures_reproduce_their_own_schema_era ... ok
test tests::unknown_roots_aliases_and_relative_paths_refuse_before_stdin_or_effects ... ok

test result: ok. 10 passed; 0 failed; 0 ignored; 0 measured; 0 filtered out; finished in 17.47s

     Running tests/account_pinning.rs (target/debug/deps/account_pinning-3b8581b5b2c5905c)

running 5 tests
test a_legacy_unpinned_run_is_left_exactly_as_it_is ... ok
test a_second_different_account_is_refused_rather_than_repointed ... ok
test an_unknown_run_is_not_created_by_pinning_it ... ok
test an_unpinned_run_claims_the_account_it_was_given ... ok
test re_presenting_the_same_account_is_a_replay_that_writes_nothing ... ok

test result: ok. 5 passed; 0 failed; 0 ignored; 0 measured; 0 filtered out; finished in 2.21s

     Running tests/container_recreation.rs (target/debug/deps/container_recreation-b5d73a3a89055dd1)

running 12 tests
test a_lost_create_acknowledgement_is_adopted_rather_than_rebuilt ... ok
test a_non_admin_caller_cannot_reach_a_create ... ok
test a_non_native_child_subject_is_refused_before_any_create ... ok
test a_same_key_apply_replays_across_a_restart_without_a_second_create ... ok
test a_same_key_apply_replays_without_a_second_create ... ok
test a_same_key_apply_with_a_changed_intent_is_refused ... ok
test a_stale_project_revision_is_refused_before_any_create ... ok
test an_apply_with_a_foreign_preview_hash_is_refused_before_any_create ... ok
test evaluator_recovery_never_creates_a_native ... ok
test gate_rejection_recovery_never_creates_a_native ... ok
test only_container_recovery_reaches_a_create_in_the_same_world_shape ... ok
test recreate_absent_previews_then_applies_with_exactly_one_create ... ok

test result: ok. 12 passed; 0 failed; 0 ignored; 0 measured; 0 filtered out; finished in 2.77s

     Running tests/loopback_api.rs (target/debug/deps/loopback_api-d876b3c23777041f)

running 499 tests
test a_binding_whose_session_is_gone_is_not_restored ... ok
test a_body_overtaken_during_a_lost_confirmation_is_refused ... ok
test a_bounded_auto_arm_is_declarable_by_an_admin_and_by_nobody_else ... ok
test a_branch_key_resolving_to_an_epic_and_task_is_refused_as_ambiguous ... ok
test a_bundled_preset_change_does_not_block_an_immutable_published_revision ... ok
test a_bundled_team_template_change_does_not_block_an_immutable_published_revision ... ok
test a_capacity_refresh_answers_without_any_external_executable ... ok
test a_capacity_refresh_stores_the_raw_reading_it_derived_from ... ok
test a_caught_up_live_stream_waits_instead_of_claiming_it_ended ... ok
test a_claim_superseding_a_launched_occupancy_reports_a_null_roster_persona ... ok
test a_claim_that_exceeds_what_the_runtime_can_prove_is_not_restored ... ok
test a_committed_succession_with_pending_effects_is_reconciled_by_replay ... ok
test a_compact_command_enforces_its_guards_before_any_runtime_effect ... ok
test a_completed_task_reopens_without_rewriting_what_it_recorded ... ok
test a_concurrent_second_key_is_refused_at_the_claim_before_any_native_effect ... ok
test a_configured_adapter_backs_every_session_route ... ok
test a_configured_jira_boundary_distinguishes_historical_from_native_completion ... ignored, superseded by kontor-jira native connector contract tests
test a_confirmed_jira_key_addresses_the_same_subject_as_its_uuid ... ok
test a_connector_reports_the_specifications_this_build_ships ... ok
test a_consultation_freezes_the_alias_rung_with_headroom_not_the_first_rung ... ok
test a_consultation_with_no_recorded_subject_refuses_to_be_named ... ok
test a_control_role_never_holds_two_live_seats ... ok
test a_converged_epic_pass_still_carries_a_proved_rename_forward ... ok
test a_core_team_is_previewed_applied_and_read_back ... ok
test a_core_team_refuses_a_raw_role_and_a_caller_authored_title ... ok
test a_core_team_refuses_a_weakened_mandatory_role_and_an_unknown_code ... ok
test a_cursor_from_another_realm_is_refused_typed_before_any_read ... ok
test a_cyclic_or_dangling_epic_rolls_the_whole_application_back ... ok
test a_declared_slot_never_seated_is_filled_and_its_durable_handoff_is_delivered_once ... ok
test a_delivery_seat_whose_owner_closed_is_orphaned_and_holds_no_progress ... ok
test a_derived_read_is_bounded_when_the_runtime_never_answers ... ok
test a_derived_worktree_never_overrides_a_declared_one ... ok
test a_due_quota_successor_renews_wait_from_fresh_runtime_evidence ... ok
test a_failed_epoch_persist_leaves_the_mapping_pending_until_it_lands ... ok
test a_failed_readback_after_delivery_never_reports_the_message_as_unsent ... ok
test a_failed_verdict_adopts_the_replacement_tpm_in_one_atomic_transition ... ok
test a_failed_verdict_without_a_live_tpm_consumes_nothing_at_the_boundary ... ok
test a_first_pass_materialization_refuses_before_recording_a_receipt ... ok
test a_fleet_binding_routes_a_new_seat_without_restart ... ok
test a_fleet_bound_advisor_keeps_its_fleet_provenance_through_materialization ... ok
test a_fleet_bound_committee_seats_reviewers_on_different_vendors ... ok
test a_fleet_bound_reviewer_that_loses_its_provider_recovers_on_the_fleet_chain ... ok
test a_fleet_committee_route_launches_cursor_in_plan_mode ... ok
test a_follow_up_selects_the_successors_existing_seat_and_does_not_replace_it ... ok
test a_follow_up_whose_acknowledgement_was_lost_is_not_delivered_twice ... ok
test a_forged_but_self_consistent_claim_is_not_restored ... ok
test a_fresh_high_change_turn_releases_a_non_entry_fence_through_its_logical_role ... ok
test a_gate_cannot_pass_before_its_workflow_phase_is_ready ... ok
test a_gate_cannot_pass_on_caller_named_unproduced_evidence ... ok
test a_gate_evaluator_role_resolves_to_its_live_frozen_team_slot ... ok
test a_gate_verdict_is_append_only_authority_checked_and_waiver_is_admin ... ok
test a_global_probe_key_serializes_first_use_and_replays_before_any_second_provider_call ... ok
test a_handoff_naming_another_run_refuses_a_never_bound_replacement ... ok
test a_historical_gate_rejection_recovery_routes_once_and_replays_after_restart ... ok
test a_history_read_persists_its_epoch_mapping_before_returning ... ok
test a_hold_that_recorded_no_terms_is_manual_and_survives_the_lift_boundary ... ok
test a_hosted_seat_whose_durable_lineage_disagrees_refuses_with_no_effect ... ok
test a_hosted_seat_whose_placement_cannot_be_reconfirmed_refuses ... ok
test a_hostile_host_or_origin_is_refused_before_any_handler ... ok
test a_human_authored_body_is_preserved_until_replacement_is_authorized ... ok
test a_kickoff_hold_lifts_itself_at_the_boundary_that_satisfies_its_terms ... ok
test a_later_core_team_edit_leaves_a_promoted_epic_frozen ... ok
test a_later_same_task_team_run_cannot_release_an_earlier_rejection_fence ... ok
test a_later_turn_beyond_the_window_page_still_refuses_a_stale_tuple ... ok
test a_launch_intent_supersession_is_exactly_once_under_replay_and_drift ... ok
test a_launch_intent_supersession_refuses_a_seat_from_another_epic ... ok
test a_launch_intent_supersession_refuses_a_seat_with_an_effect_receipt ... ok
test a_launch_intent_supersession_refuses_every_shape_that_is_not_inert ... ok
test a_launch_intent_supersession_replay_reports_unchanged ... ok
test a_ledger_refused_rename_is_permanent_while_only_outages_are_transient ... ok
test a_legacy_backlog_is_imported_replayed_after_restart_and_switched_once ... ok
test a_legacy_binding_without_a_snapshot_recovers_in_place_after_restart ... ok
test a_legacy_epic_bootstraps_one_frozen_roster_and_one_leadership_pair ... ok
test a_legacy_jira_import_materializes_semantic_epic_control_and_ticket_titles ... ok
test a_legacy_profile_selection_receipt_never_borrows_the_active_workflow ... ok
test a_linked_task_claims_its_tickets_and_refuses_to_pull_without_a_connector ... ok
test a_live_stream_without_an_anchor_is_refused ... ok
test a_lost_acknowledgement_is_replayed_without_a_second_native_effect ... ok
test a_lost_launch_acknowledgement_converges_on_the_native_it_created ... ok
test a_lost_launch_acknowledgement_keeps_the_autonomy_its_native_was_created_under ... ok
test a_lost_receipt_binding_rebinds_the_same_receipt ... ok
test a_lost_retirement_acknowledgement_is_finished_by_the_claim_owner ... ok
test a_malformed_body_is_refused_as_a_request_and_never_as_a_broken_realm ... ok
test a_malformed_host_never_reaches_a_handler ... ok
test a_managed_task_worktree_bound_to_a_foreign_key_is_refused ... ok
test a_managed_task_worktree_on_the_epic_branch_is_accepted ... ok
test a_managed_task_worktree_outside_the_branch_grammar_is_refused ... ok
test a_message_resume_reduces_the_run_and_team_run_back_to_running ... ok
test a_misconfigured_fleet_refuses_the_start ... ok
test a_misnamed_container_is_repaired_from_the_pinned_topology_and_never_from_a_caller ... ok
test a_missing_or_wrong_credential_is_refused ... ok
test a_mixed_import_closes_after_only_its_native_task_earns_completion ... ok
test a_mixed_targetless_and_mistargeted_pair_refuses_a_never_bound_replacement ... ok
test a_module_less_task_is_not_authorized_for_a_module_repository ... ok
test a_mutation_without_an_idempotency_key_is_refused ... ok
test a_never_bound_prepared_launch_intent_is_superseded_in_place ... ok
test a_never_bound_successor_keeps_its_original_terminal_parent_authority ... ok
test a_new_epic_reports_leadership_declared_but_not_materialized ... ok
test a_node_is_retired_by_the_id_an_answer_returned_and_children_block_it ... ok
test a_non_loopback_bind_is_refused_and_leaves_nothing_behind ... ok
test a_partially_seated_candidate_claims_progress_and_an_unattached_one_does_not ... ok
test a_pending_succession_the_seat_outran_is_refused_rather_than_receipted ... ok
test a_permission_answer_is_applied_once_and_a_foreign_request_is_refused ... ok
test a_phase_advancing_gate_replays_after_revision_change_and_restart ... ok
test a_plan_admits_against_the_width_that_was_learned ... ok
test a_plan_restores_the_persisted_adaptive_width_rather_than_starting_at_four ... ok
test a_policy_blocked_epic_pass_still_carries_a_proved_rename_forward ... ok
test a_position_outside_the_retained_history_demands_a_resnapshot ... ok
test a_post_route_invalid_source_keeps_its_refusal_and_discloses_no_route_receipt ... ok
test a_previewed_advisor_profile_publishes_and_reads_back ... ok
test a_profile_apply_must_match_the_named_preview ... ok
test a_profile_apply_under_a_stale_revision_writes_nothing ... ok
test a_profile_category_reports_its_whole_shape_and_validates_itself ... ok
test a_profile_workflow_install_retries_after_an_empty_epic_publishes_its_prerequisite ... ok
test a_promotion_creates_one_epic_and_hands_the_work_to_its_lsa ... ok
test a_promotion_interrupted_after_authorization_resumes_to_completion ... ok
test a_provider_account_profile_can_be_relabelled_and_taken_out_of_service ... ok
test a_provider_quota_probe_is_operator_fenced_exact_and_atomic_on_failure ... ok
test a_public_waiver_is_refused_without_authority_policy_or_evidence ... ok
test a_publication_into_an_unauthorized_repository_is_refused ... ok
test a_publication_merge_without_a_github_app_is_refused_as_unsupported ... ok
test a_publication_that_never_landed_is_still_refused ... ok
test a_publication_whose_confirmation_was_lost_is_settled_by_refetch ... ok
test a_published_specification_cannot_change_in_place ... ok
test a_pull_request_without_a_title_is_refused ... ok
test a_quarantined_qnr_code_is_corrected_without_weakening_canonical_assignments ... ok
test a_quick_ineligible_role_cannot_open_a_session ... ok
test a_quick_session_is_opened_once_and_replays_to_the_same_ids ... ok
test a_quota_blocked_reachable_seat_is_succeeded_only_on_a_blocking_row ... ok
test a_quota_takeover_walks_sub_steps_before_the_next_domain ... ok
test a_reachable_seat_that_cannot_be_driven_takes_the_linked_successor_path ... ok
test a_realm_with_no_fleet_still_starts_and_says_so ... ok
test a_receipt_served_replay_returns_the_digest_the_apply_returned ... ok
test a_reference_read_for_something_absent_is_not_found_rather_than_empty ... ok
test a_refused_first_advance_creates_no_completion_run_and_no_receipt ... ok
test a_refused_identifier_names_which_one_it_was ... ok
test a_refused_launch_leaves_its_claim_to_finish_the_succession ... ok
test a_registered_pack_cannot_collide_with_a_bundled_team_revision ... ok
test a_registered_pack_may_not_shadow_a_compiled_category ... ok
test a_registered_pack_widens_the_catalogue_and_an_epic_can_pin_its_profile ... ok
test a_registration_key_is_bound_to_one_logical_operation ... ok
test a_rejection_fence_releases_for_the_slot_the_pinned_team_maps_to_the_handoff_role ... ok
test a_rejection_fence_resolves_its_roles_against_the_run_the_route_froze ... ok
test a_released_rejection_stays_in_verification_until_a_fresh_gate_verdict ... ok
test a_reopened_realm_admits_under_the_stored_capacity_and_the_scheduler_projects_it ... ok
test a_repeated_core_team_apply_publishes_one_revision ... ok
test a_replaced_tpm_is_adopted_into_the_forward_pin_and_receives_the_wake ... ok
test a_replacement_seat_walks_onto_the_other_evidenced_account ... ok
test a_replayed_materialization_re_proves_the_bound_container_read_only ... ok
test a_replayed_succession_answers_with_its_own_durable_readback ... ok
test a_replayed_write_returns_the_original_answer_and_a_reused_key_conflicts ... ok
test a_restart_converges_a_workflow_left_fenced_by_the_earlier_predicate ... ok
test a_resumed_feed_starts_strictly_after_the_position_it_was_given ... ok
test a_reused_key_with_different_quota_evidence_conflicts_before_any_effect ... ok
test a_run_no_runtime_ever_took_is_abandoned_so_its_task_can_be_scheduled_again ... ok
test a_run_snapshot_reports_the_team_template_revision_and_its_binding ... ok
test a_run_that_holds_a_session_is_settled_rather_than_abandoned ... ok
test a_run_that_was_never_bound_has_no_session ... ok
test a_run_the_runtime_says_is_still_working_is_not_settled ... ok
test a_running_seat_is_never_retired_by_stale_quota_authority ... ok
test a_runtime_cancelled_run_accepts_one_guarded_late_handoff_without_reopening ... ok
test a_runtime_that_cannot_be_reached_leaves_scheduling_shut ... ok
test a_runtime_with_a_plane_is_prepared_by_startup_so_a_seat_can_be_materialized ... ok
test a_same_issue_rename_reports_its_content_conflict_against_the_current_key ... ok
test a_seat_fill_proves_the_bound_container_before_recording_its_receipt ... ok
test a_seat_is_prepared_at_the_worktree_the_task_declares ... ok
test a_seat_launch_claims_the_account_the_headroom_walk_selected ... ok
test a_second_daemon_on_one_state_root_fails_and_two_roots_are_two_realms ... ok
test a_seeded_committee_runs_and_settles_instead_of_returning_503 ... ok
test a_semantic_topology_write_survives_replay_and_refuses_a_stale_revision ... ok
test a_session_bound_before_a_restart_is_operable_after_it ... ok
test a_session_key_uses_the_standard_stable_idempotency_vocabulary ... ok
test a_session_this_process_holds_no_frozen_snapshot_for_is_stale ... ok
test a_session_whose_family_is_not_configured_answers_unavailable ... ok
test a_settled_turn_derives_its_follow_up_at_most_once ... ok
test a_settlement_against_a_silent_runtime_is_bounded_and_writes_nothing ... ok
test a_settlement_answers_a_timeline_refetch_signal_once_and_settles ... ok
test a_settlement_naming_an_unmapped_epoch_is_told_to_observe_the_turn_again ... ok
test a_slot_spelled_like_the_required_role_cannot_release_the_fence ... ok
test a_snapshot_carries_the_position_it_is_consistent_with ... ok
test a_stale_binding_that_is_not_absence_refuses_before_any_effect ... ok
test a_stale_revision_reports_the_current_one_and_mutates_nothing ... ok
test a_stalled_follow_up_delivery_does_not_delay_the_fenced_catch_up ... ok
test a_stalled_workflow_is_caught_up_to_its_evidence_exactly_once ... ok
test a_started_seat_owns_its_account_durably_and_not_only_in_its_launch_request ... ok
test a_started_task_leaves_ready_so_it_can_legally_be_completed ... ok
test a_started_team_run_freezes_the_stored_bytes_of_a_drifted_identity ... ok
test a_succession_owned_by_another_key_refuses_before_any_effect ... ok
test a_succession_that_lost_its_route_acknowledgement_reconciles_from_neither_effect ... ok
test a_successor_contract_refuses_an_under_authorized_caller_first ... ok
test a_successor_derives_its_own_generation_scoped_credential_subject ... ok
test a_successor_seat_authenticates_where_its_predecessor_no_longer_can ... ok
test a_task_branch_binds_through_the_task_key ... ok
test a_task_from_another_project_in_this_realm_does_not_resolve ... ok
test a_task_placed_on_a_node_that_hosts_no_session_is_refused_before_anything_starts ... ok
test a_task_rename_between_preview_and_apply_emits_the_current_key ... ok
test a_task_snapshot_reports_the_pinned_specification_revisions ... ok
test a_task_with_no_jira_link_refuses_naming_instead_of_substituting_a_uuid ... ok
test a_task_worktree_claim_correction_is_exact_audited_and_idempotent ... ok
test a_task_worktree_claim_correction_refuses_a_target_registered_to_another_task ... ok
test a_task_worktree_claim_correction_refuses_every_unbound_input ... ok
test a_team_closes_on_settled_turns_while_every_seat_stays_live ... ok
test a_team_definition_upgrade_ignores_open_runs_on_archived_task_topology ... ok
test a_team_definition_upgrade_leaves_archived_native_history_untouched ... ok
test a_team_definition_upgrade_preserves_native_ids_and_renders_confirmed_item_codes ... ok
test a_team_draft_cannot_publish_a_route_outside_the_governed_catalog ... ok
test a_team_slot_cannot_carry_a_raw_role_or_a_caller_supplied_title ... ok
test a_team_that_closed_on_settled_turns_releases_admission_capacity ... ok
test a_teamless_task_is_held_and_resumed_and_its_epic_stays_open ... ok
test a_terminal_agent_run_is_not_the_live_seat_of_its_still_open_team ... ok
test a_terminal_predecessor_the_runtime_calls_stale_is_proved_gone ... ok
test a_timeline_cursor_from_another_session_is_refused_before_dispatch ... ok
test a_topology_request_cannot_carry_a_kind_a_parent_or_a_native_shape ... ok
test a_turn_receipt_records_proven_authority_and_not_a_claimed_actor ... ok
test a_typed_task_without_a_legacy_short_code_materializes_without_inventing_one ... ok
test a_user_published_team_ledger_stays_append_only_after_epic_drift ... ok
test a_verifier_skips_the_implementers_vendor ... ok
test a_vocabulary_is_drafted_validated_published_and_read_back ... ok
test a_waiting_quota_successor_has_zero_runtime_or_lineage_effects ... ok
test a_waived_slot_is_never_given_a_follow_up ... ok
test a_waiver_completes_a_team_whose_declared_slot_was_never_bound ... ok
test a_work_profile_drift_stays_refused_while_a_team_identity_tolerates_it ... ok
test a_workspace_refusal_is_reported_as_a_placement_fact ... ok
test a_write_against_an_unknown_target_is_not_found ... ok
test a_write_boundary_rebind_is_refused_before_any_effect_or_binding_advance ... ok
test a_write_naming_another_realms_project_resolves_to_nothing ... ok
test abandonment_replay_cleans_only_the_exact_unclaimed_runtime_reservation ... ok
test admission_adoption_fill_rechecks_the_recorded_run_before_any_effect ... ok
test admission_adoption_fills_the_existing_run_but_preserves_wait_and_missing_handoff ... ok
test admission_adoption_refuses_native_container_drift_without_consuming_the_key ... ok
test admission_adoption_refuses_wrong_authority_run_role_revision_and_unknown_evidence ... ok
test adoption_moves_the_forward_pin_without_disturbing_recorded_rounds ... ok
test advance_and_remediate_judge_the_key_before_the_revision ... ok
test after_and_last_event_id_may_not_disagree ... ok
test an_absent_team_template_identity_is_still_inserted_normally ... ok
test an_account_ensure_compares_every_supplied_field_and_never_echoes_the_alias ... ok
test an_account_profile_freezes_its_declared_provider_aliases_at_ensure ... ok
test an_admin_fills_an_owed_slot_on_a_named_route_and_an_operator_cannot ... ok
test an_admin_installs_the_exact_shipped_workflow_revision_under_project_cas ... ok
test an_admin_moves_a_seat_that_already_ran_off_a_disabled_provider_only_onto_an_explicit_route ... ok
test an_admin_replacement_retires_a_bound_nonterminal_predecessor_first ... ok
test an_admin_replaces_one_runtime_cancelled_seat_inside_the_existing_team ... ok
test an_admin_reroutes_a_never_bound_seat_whose_handoff_recorded_no_target ... ok
test an_admin_reroutes_one_dispatched_never_bound_delivery_seat ... ok
test an_admin_retires_an_exact_never_dispatched_provider_blocked_seat ... ok
test an_advisor_profile_cannot_be_published_as_a_committee_template ... ok
test an_ambiguous_history_only_settles_after_one_server_owned_challenge ... ok
test an_ao_family_refuses_the_start_and_composes_no_substitute ... ok
test an_applied_task_materializes_and_replays_without_a_startup_task_scope ... ok
test an_archived_rename_pending_advisor_can_retire_and_complete_the_same_migration ... ok
test an_asma_cli_catalog_module_worktree_bound_to_a_foreign_key_is_refused ... ok
test an_asma_cli_catalog_module_worktree_bound_to_the_task_key_is_accepted ... ok
test an_early_proof_in_a_long_session_settles_without_reading_the_tail ... ok
test an_edit_to_fleet_yml_changes_the_next_placement ... ok
test an_empty_realm_is_bootstrapped_through_public_operations_alone ... ok
test an_ensure_interrupted_after_its_row_completes_the_node_and_seat ... ok
test an_epic_branch_publication_is_attested_recorded_and_replayed ... ok
test an_epic_can_be_created_with_a_replay_safe_covering_hold ... ok
test an_epic_key_naming_another_immutable_issue_is_refused_before_the_binding_moves ... ok
test an_epic_pin_moves_only_through_the_preview_that_was_authorized ... ok
test an_epic_placeholder_body_is_typed_reported_and_repairable ... ok
test an_epic_replay_reads_one_agreed_stored_policy_after_category_progression ... ok
test an_epic_root_archives_last_and_only_when_its_completion_is_done ... ok
test an_epic_same_issue_rename_never_addresses_the_superseded_key ... ok
test an_epoch_change_ends_the_stream_with_a_refetch ... ok
test an_exhausted_account_reroutes_the_launch_to_the_second_codex_alias ... ok
test an_explicit_arming_budget_is_stored_as_stated ... ok
test an_identical_manifest_reapplies_over_a_task_that_natively_progressed ... ok
test an_implementer_placed_before_fleet_yml_does_not_block_its_verifier ... ok
test an_in_flight_team_definition_migration_fences_replacement_before_any_effect ... ok
test an_inert_successor_intent_can_supersede_an_archived_predecessor ... ok
test an_inert_successor_intent_recovers_a_receipt_after_cas_commit_and_successor_install ... ok
test an_inert_successor_intent_refuses_wrong_predecessor_and_occupancy ... ok
test an_inert_successor_intent_replays_after_the_successor_is_installed ... ok
test an_inert_successor_intent_store_rechecks_the_proved_predecessor ... ok
test an_invalid_edit_keeps_the_previous_fleet ... ok
test an_invented_topology_scope_is_refused ... ok
test an_observation_whose_epoch_write_fails_keeps_it_pending ... ok
test an_observed_turn_is_the_tuple_settlement_accepts_verbatim ... ok
test an_observer_can_discover_projects_and_read_one_without_repeating_its_name ... ok
test an_operator_override_never_rewrites_what_the_provider_reported ... ok
test an_ordinary_gate_verdict_requires_a_live_evaluator_seat ... ok
test an_ordinary_gate_verdict_requires_the_evaluator_seats_pinned_account ... ok
test an_unaccounted_slot_or_an_undischarged_gate_withholds_closure ... ok
test an_unarmed_epic_is_ready_without_a_grant ... ok
test an_unattested_session_is_refused_without_reaching_the_runtime ... ok
test an_unconfigured_project_has_no_core_team_rather_than_an_empty_one ... ok
test an_undeclared_task_worktree_is_derived_from_its_confirmed_tracker_key ... ok
test an_unknown_field_in_a_profile_is_reported_not_ignored ... ok
test an_unplaceable_dynamic_task_is_refused_before_a_team_run_is_committed ... ok
test an_unplaced_task_is_refused_and_a_misplaced_one_says_why ... ok
test an_unreadable_binding_claim_shuts_scheduling_rather_than_vanishing ... ok
test an_unregistered_delivery_slot_is_refused_before_any_effect ... ok
test an_unsupported_session_operation_has_zero_runtime_effect ... ok
test an_unwaived_slot_on_the_same_template_does_receive_the_follow_up ... ok
test another_project_does_not_inherit_the_governed_repositories ... ok
test application_receipts_confirm_only_after_a_successful_response ... ok
test approved_memory_past_the_canonical_ceiling_still_resolves_a_context ... ok
test arming_disarming_and_planning_are_scoped_authority_decisions ... ok
test arming_omits_the_window_and_concurrency_when_the_caller_states_none ... ok
test arming_without_a_budget_imposes_no_profile_ceiling ... ok
test artifact_recovery_of_a_closed_legacy_producer_replays_after_daemon_restart ... ok
test artifact_recovery_preserves_unknown_accounts_only_with_exact_native_proof ... ok
test artifact_recovery_requires_a_real_settled_claim_and_verified_git_blob ... ok
test automatic_jira_reconciliation_records_and_resolves_an_unfinished_held_epic_without_effects ... ok
test automatic_quota_supervision_recovers_once_and_repeated_scan_is_inert ... ok
test best_effort_compaction_records_not_enforced_when_the_runtime_cannot_compact ... ok
test bodyless_quota_recovery_is_confirmed_once_with_handoff_and_receipt_chain ... ok
test both_handoff_conditions_withhold_a_follow_up_until_each_is_satisfied ... ok
test bundled_item_code_revision_is_published_and_contains_item_code ... ok
test code_help_explains_the_codes_an_epic_is_actually_pinned_to ... ok
test committee_containers_follow_their_recorded_subject_not_their_caller ... ok
test committee_evidence::scoped_committee_reads_actual_subject_evidence_and_verified_report_without_peer_leakage ... ok
test completion_answers_from_its_own_repository_and_never_synthesizes ... ok
test completion_selects_one_exact_committee_result_and_preserves_the_duplicate ... ok
test completion_without_a_live_tpm_writes_no_state_wake_or_receipt ... ok
test concurrent_applies_under_one_key_converge_on_a_single_successor ... ok
test concurrent_fresh_recovery_keys_name_the_single_original_route_receipt ... ok
test confirmed_link_batch_adoption_refuses_an_immutable_issue_mismatch ... ok
test conflicts_comments_and_claims_are_task_scoped_and_disclose_no_content ... ok
test consecutive_turns_on_one_slot_converge_on_one_seat_and_one_session ... ok
test consultation_catalogs_seed_the_operational_committee_preset ... ok
test consultation_containers_follow_their_recorded_subject_not_their_caller ... ok
test core_team_materialization_proves_the_bound_ecp_before_writing_seats ... ok
test deciding_the_vocabulary_is_admin_authority_and_the_check_is_real ... ok
test deleting_fleet_yml_restores_template_routing ... ok
test delivery_names_follow_the_exact_team_definition_when_legacy_bindings_disagree ... ok
test derived_delivery_epoch_commit_failure_is_truthful_and_retryable ... ok
test derived_delivery_epoch_commit_failure_then_restart_does_not_resend ... ok
test derived_delivery_epoch_is_durable_before_dispatch_completion ... ok
test derived_first_send_registers_its_boundary ... ok
test direct_delivery_epoch_commit_failure_is_truthful_and_retryable ... ok
test direct_delivery_epoch_commit_failure_then_restart_does_not_resend ... ok
test direct_delivery_epoch_is_durable_before_acknowledgement ... ok
test direct_first_send_registers_its_boundary ... ok
test disarming_records_its_own_command_kind_and_checks_the_key_before_answering ... ok
test distinct_task_worktrees_isolate_one_module_through_admission ... ok
test duplicate_rendered_slots_in_one_team_are_refused_before_runtime_or_admission ... ok
test ensuring_a_control_plane_creates_the_chain_the_specification_declares ... ok
test epic_backlog_code_previews_applies_and_reads_back_independently_of_execution_scope ... ok
test epic_completion_accepts_a_receipt_backed_native_closure_certificate ... ok
test epic_import_defaults_ready_and_refuses_invalid_or_contradictory_state_atomically ... ok
test epic_import_preview_apply_and_replay_preserve_historical_task_lifecycle ... ok
test epic_read_preserves_the_team_revision_apply_froze_across_restart ... ok
test every_admitted_fleet_placement_is_recorded ... ok
test every_answer_a_receipt_and_every_frame_name_the_realm ... ok
test every_application_operation_refuses_an_unauthenticated_or_under_privileged_caller ... ok
test exact_resume_recovers_one_durable_admission_without_the_scheduler_key ... ok
test explicit_materialization_places_an_unconfigured_project_before_scheduler_launch ... ok
test gate_recovery_cannot_fabricate_a_pass ... ok
test gate_recovery_is_refused_while_the_evaluator_seat_is_alive ... ok
test gate_recovery_is_refused_without_matching_session_evidence ... ok
test gate_recovery_matches_the_role_a_slot_holds_not_the_slots_name ... ok
test gate_recovery_records_a_closed_evaluators_verdict_with_session_evidence ... ok
test gate_recovery_resolves_a_slot_through_its_catalog_role ... ok
test gate_recovery_still_refuses_a_slot_that_does_not_hold_the_evaluator_role ... ok
test gate_rejection_recovery_refuses_invalid_exact_bindings_but_accepts_an_absent_legacy_binding ... ok
test gate_rejection_recovery_refuses_same_key_with_changed_intent_without_writes ... ok
test gate_rejection_recovery_refuses_wrong_task_gate_sequence_receipt_phase_target_and_revisions_without_writes ... ok
test identical_mixed_jira_apply_resumes_its_pending_create_in_place ... ok
test independence_fails_closed_when_only_the_implementers_vendor_is_left ... ok
test initial_committee_recovery_is_admin_fenced_diverse_frozen_and_replayable ... ok
test initially_planned_succession_cannot_retire_after_its_quota_row_expires ... ok
test intake_decides_under_a_pinned_trigger_or_reports_it_is_not_installed ... ok
test integration_advances_only_on_a_well_formed_operator_receipt ... ok
test jira_key_containers_render_the_confirmed_binding_of_their_own_subject ... ok
test jira_link_apply_adopts_an_exact_confirmed_legacy_batch_and_backfills_issue_ids ... ok
test jira_link_apply_recovers_a_mixed_pending_batch_in_place ... ok
test jira_materialization_preview_is_server_derived_and_epic_first ... ok
test legacy_artifacts_do_not_advance_a_recovered_rejection_until_a_fresh_authoring_turn_settles ... ok
test legacy_consultation_reads::a_subjectless_settled_advisor_remains_readable_without_rewriting_advice ... ok
test legacy_consultation_reads::a_subjectless_settled_committee_remains_readable_without_rewriting_history ... ok
test legacy_task_short_code_mapping_previews_applies_and_replays_in_place ... ok
test lifecycle_transitions_are_legal_revisioned_and_gated ... ok
test materializing_a_replaced_seat_reuses_its_current_occupancy ... ok
test materializing_a_ticket_binds_its_native_workspace_without_admitting_a_run ... ok
test materializing_binds_a_seat_only_on_a_kind_declared_a_session_host ... ok
test materializing_reconciles_a_bound_seats_prepared_intent ... ok
test materializing_reconciles_an_installed_intents_missing_attachment ... ok
test materializing_refuses_a_prepared_intent_with_divergent_authority ... ok
test message_delivery_proofs::legacy_message_proof_absence_never_authorizes_dispatch ... ok
test message_delivery_proofs::legacy_message_proof_candidate_rewrite_is_detected_before_confirmation ... ok
test message_delivery_proofs::legacy_message_proof_database_keeps_original_candidate_and_counts_immutable ... ok
test message_delivery_proofs::legacy_message_proof_duplicate_split_across_pages_is_terminal_without_delivery ... ok
test message_delivery_proofs::legacy_message_proof_failed_receipt_rolls_back_delivery_and_progress ... ok
test message_delivery_proofs::legacy_message_proof_lost_history_or_changed_epoch_keeps_its_original_checkpoint ... ok
test message_delivery_proofs::legacy_message_proof_negative_or_incomplete_evidence_blocks_normal_delivery_replay ... ok
test message_delivery_proofs::legacy_message_proof_requires_real_prior_evidence_and_exact_binding ... ok
test message_delivery_proofs::legacy_message_proof_store_guards_identity_progress_and_stale_writers ... ok
test message_delivery_proofs::legacy_message_proof_survives_restart_replays_and_long_history_without_dispatch ... ok
test native_child_archive_requires_retirement_and_recovers_a_lost_acknowledgement ... ok
test no_response_or_stored_row_carries_a_secret_a_runtime_endpoint_or_a_transcript ... ok
test observing_a_current_turn_fails_closed_on_every_unreadable_shape ... ok
test observing_a_current_turn_pages_a_long_session_and_resumes_from_its_anchor ... ok
test observing_a_long_never_read_transcript_costs_the_window_not_the_session ... ok
test observing_a_never_read_session_recovers_its_epoch_once ... ok
test observing_accepts_a_window_that_begins_mid_session ... ok
test observing_refuses_a_current_turn_older_than_its_window ... ok
test observing_refuses_a_duplicate_that_straddles_the_resume_cursor ... ok
test observing_refuses_a_duplicate_whose_delivery_is_outside_the_window ... ok
test observing_refuses_a_forward_gap_anywhere_in_the_bounded_window ... ok
test observing_refuses_a_tail_window_that_does_not_advance ... ok
test observing_trusts_only_a_message_this_realm_issued_to_this_session ... ok
test one_apply_key_cannot_carry_two_different_hold_conditions ... ok
test open_question_commands_preserve_authority_history_and_completion_blockers ... ok
test partial_epic_admission_reuses_its_frozen_definition_after_default_changes ... ok
test periodic_scanner_reopens_done_completion_after_startup ... ok
test profile_selection_refuses_same_identity_work_profile_byte_drift ... ok
test profile_selection_replay_precedes_category_resolution_and_never_replaces_twice ... ok
test provider_refresh::usage_endpoint_throttle_is_public_persisted_and_never_refreshes_quota_evidence ... ok
test publishing_a_document_the_validation_never_saw_is_refused ... ok
test publishing_a_profile_creates_no_workspace_and_no_seat ... ok
test publishing_under_a_stale_revision_writes_nothing ... ok
test quick_roles_are_the_ad_hoc_eligible_core_team_entries ... ok
test quota_recovery_retry_reuses_the_linked_successor_after_launch_refusal ... ok
test reapplying_an_identical_epic_returns_the_identical_graph_digest ... ok
test reapplying_the_identical_epic_writes_nothing_and_drift_is_refused ... ok
test reconcile_plan_refuses_to_call_a_placeholder_body_converged ... ok
test refused_publications_carry_stable_codes_and_are_recorded ... ok
test remediate_on_an_unstarted_completion_run_refuses_without_a_receipt ... ok
test replacement_bridges::cancelled_bound_run_through_abandoned_bridges_names_only_the_current_native ... ok
test replacement_bridges::genuine_bound_fork_after_an_abandoned_bridge_still_refuses_preview ... ok
test replacement_bridges::replacing_another_slot_hydrates_two_abandoned_bridges_without_rewriting_them ... ok
test replacement_bridges::trailing_abandoned_bridge_attempts_keep_the_bound_predecessor_named ... ok
test replacing_a_cancelled_seat_skips_an_operator_abandoned_unbound_successor ... ok
test replacing_one_slot_preserves_an_abandoned_parent_in_another_slot ... ok
test replaying_a_partial_admission_delivers_its_durable_follow_up ... ok
test replaying_a_profile_apply_publishes_once ... ok
test replaying_an_abandonment_closes_the_team_after_live_siblings_end ... ok
test replaying_ticket_materialization_repairs_a_missing_epic_control_plane ... ok
test request_and_resident_jira_reconciliation_ignore_an_unrelated_connector_link ... ok
test resident_failed_epic_apply_emits_no_immediate_replay_wake ... ok
test resident_jira_conflict_replay_waits_for_the_bounded_backstop ... ok
test resident_jira_controller_confirms_each_epic_route_hop_once_and_replays_without_effects ... ok
test resolving_a_task_context_tracks_approved_memory_and_returns_no_content ... ok
test resolving_an_unchanged_held_task_conflict_allows_reconciliation_to_continue ... ok
test route_apply_reproves_after_planning_before_retiring_the_live_predecessor ... ok
test route_apply_threads_the_proved_placement_into_the_retirement ... ok
test route_preview_refuses_exact_container_drift_with_node_and_membership_preserved ... ok
test same_key_materialization_repairs_the_calibrated_legacy_four_and_upgrade_censuses_them ... ok
test scheduler_launch_refuses_when_the_materialized_plane_disappears ... ok
test scheduler_planning_only_inspects_exact_materialized_topology_and_preserves_its_digest ... ok
test scheduling_is_shut_until_reconciliation_finishes ... ok
test seat_claim_preview_and_apply_keep_both_independent_placement_proofs ... ok
test seat_fill_cannot_borrow_another_tasks_owed_slot ... ok
test seat_fill_leaves_an_already_bound_leaf_unchanged_without_an_owed_dispatch ... ok
test seat_fill_quota_refusal_leaves_no_reservation_and_same_key_retry_converges ... ok
test seat_fill_refuses_a_drifted_task_revision ... ok
test seat_fill_refuses_a_slot_with_no_owed_dispatch ... ok
test seat_fill_refuses_a_terminal_team_run ... ok
test seat_fill_refuses_a_waived_slot_even_with_an_owed_dispatch ... ok
test seat_fill_refuses_an_undeclared_frozen_slot ... ok
test selection_corrections_are_pre_run_admin_decisions ... ok
test session_label_repair_preserves_the_bound_identity_and_replays_once ... ok
test settlement_closes_the_team_and_unlocks_the_whole_epic_close_out ... ok
test settling_a_bounded_turn_leaves_the_seat_live_and_the_run_open ... ok
test settling_a_bounded_turn_reads_only_the_claimed_current_window ... ok
test settling_a_bounded_turn_refuses_a_forged_current_window ... ok
test settling_a_never_bound_run_is_refused_as_an_unbound_role_slot ... ok
test settling_a_run_takes_a_fresh_inspect_and_never_a_supplied_verdict ... ok
test shutdown_shuts_scheduling_and_releases_the_state_root ... ok
test startup_reconciliation_reopens_done_completion_with_returned_work ... ok
test succeeding_one_slot_preserves_an_abandoned_parent_in_another_slot ... ok
test task_completion_refuses_caller_named_unproduced_artifacts ... ok
test teams_catalog_drafts_and_immutable_revisions_share_one_realm_projection ... ok
test the_artifact_condition_alone_withholds_a_follow_up_once_the_phase_is_met ... ok
test the_authority_tiers_are_enforced_per_route ... ok
test the_capacity_configuration_reports_the_operational_ceilings_and_guards_its_revision ... ok
test the_catalog_resolves_a_known_code_and_refuses_an_unknown_one ... ok
test the_closeout_receipts_carry_an_epic_to_done ... ok
test the_configured_capacity_and_not_a_compiled_one_decides_what_is_admitted ... ok
test the_contract_document_lists_every_application_route_and_no_unsafe_surface ... ok
test the_credential_file_is_owner_only ... ok
test the_feed_delivers_every_event_once_in_order_and_ids_are_positions ... ok
test the_feed_resumes_from_sqlite_after_the_process_is_rebuilt ... ok
test the_mission_ceiling_counts_team_runs_and_not_the_seats_they_hold ... ok
test the_model_catalog_advertises_every_route_used_by_operational_seats ... ok
test the_model_catalog_preserves_watchdog_route_and_effort_boundaries ... ok
test the_next_turn_on_a_settled_slot_reuses_the_same_seat ... ok
test the_preview_reads_and_the_compact_command_requires_an_operator ... ok
test the_registry_key_matches_what_the_fake_issues ... ok
test the_resident_reconciler_follows_a_same_issue_rename_through_the_connector ... ok
test the_resident_reconciler_follows_a_same_issue_task_rename ... ok
test the_resident_reconciler_gives_no_effect_to_a_task_key_that_moved_issue ... ok
test the_resident_reconciler_refuses_a_key_that_now_answers_for_another_issue ... ok
test the_same_key_with_different_content_is_an_idempotency_conflict ... ok
test the_shipped_startup_path_composes_the_configured_fleet ... ok
test the_timeline_and_the_strict_after_stream_have_no_gap_or_duplicate ... ok
test the_two_bootstrap_ensures_honour_their_idempotency_key ... ok
test there_is_no_generic_command_route_behind_the_named_operations ... ok
test ticket_materialization_retires_an_unrouted_legacy_tpm_without_creating_identity ... ok
test ticket_reconciliation_is_a_typed_dry_run_that_names_its_plan ... ok
test two_epics_in_one_project_keep_distinct_execution_scopes_across_replay_and_readback ... ok
test two_fresh_keys_converge_on_one_core_team_successor_and_one_transition ... ok
test two_targetless_handoffs_refuse_a_never_bound_replacement ... ok
test typed_provider_probe_failures_call_once_each_and_write_nothing ... ok
test withdrawal_is_a_terminal_audited_scope_change_not_a_block_or_delete ... ok
test withdrawal_refuses_any_task_that_has_ever_had_a_team_run ... ok
test without_fleet_yml_committee_allocation_is_unchanged ... ok

test result: ok. 498 passed; 0 failed; 1 ignored; 0 measured; 0 filtered out; finished in 230.02s

     Running tests/mcp_journey.rs (target/debug/deps/mcp_journey-5b19eba9efebfa41)

running 2 tests
test an_empty_realm_is_bootstrapped_through_mcp_tools_alone ... ok
test an_observer_seat_reads_the_realm_and_cannot_change_it ... ok

test result: ok. 2 passed; 0 failed; 0 ignored; 0 measured; 0 filtered out; finished in 4.20s

     Running tests/quota_observation.rs (target/debug/deps/quota_observation-18e1e0d815347611)

running 21 tests
test a_credential_shaped_refusal_is_refused_before_it_is_ever_classified ... ok
test a_decision_reports_a_proposal_and_never_a_completed_write ... ok
test a_delayed_inspection_dates_the_conclusion_by_the_item_not_the_read ... ok
test a_foreign_older_row_is_never_mistaken_for_our_own ... ok
test a_no_match_appends_no_provenance_and_moves_no_pointer ... ok
test a_realm_with_no_signals_document_stays_inert ... ok
test a_refusal_older_than_the_current_row_does_not_regress_it ... ok
test a_reset_that_is_not_in_the_future_records_a_blocking_unknown_instead ... ok
test a_row_that_differs_is_never_accepted_as_already_recorded ... ok
test a_signal_naming_a_vendor_family_is_inert_for_an_alias_routed_account ... ok
test a_usage_limit_refusal_records_the_instant_the_vendor_stated ... ok
test a_vanished_account_is_a_no_op_and_not_an_error ... ok
test a_wording_this_account_cannot_select_is_not_attributed_to_it ... ok
test an_exact_semantic_row_is_refreshed_by_a_new_runtime_observation ... ok
test an_identical_semantic_refusal_still_proposes_exact_provenance ... ok
test an_ineligible_earlier_signal_cannot_mask_an_eligible_later_one ... ok
test an_ordinary_error_and_a_finished_seat_record_nothing ... ok
test identical_wording_records_the_alias_the_seat_actually_runs_on ... ok
test the_public_quota_projection_carries_the_exact_provenance ... ok
test the_refusal_sentence_never_reaches_the_store ... ok
test the_same_limit_observed_three_times_refreshes_one_row ... ok

test result: ok. 21 passed; 0 failed; 0 ignored; 0 measured; 0 filtered out; finished in 3.47s

     Running tests/recovery_security.rs (target/debug/deps/recovery_security-281e595e455ac18f)

running 6 tests
test a_failed_recovery_command_says_what_failed_without_saying_where_it_looked ... ok
test a_log_line_carries_allowlisted_fields_only_and_never_a_credential ... ok
test a_restored_realm_starts_with_scheduling_shut_until_it_reconciles ... ok
test a_sensitive_span_field_is_redacted_on_the_failure_path_too ... ok
test an_operator_command_refuses_a_state_root_a_daemon_owns ... ok
test rotation_refuses_every_previous_token_and_leaves_the_realm_alone ... ok

test result: ok. 6 passed; 0 failed; 0 ignored; 0 measured; 0 filtered out; finished in 5.65s

     Running tests/succession_handoff.rs (target/debug/deps/succession_handoff-8054ccc0f41660d1)

running 3 tests
test transport_receives_only_redacted_messages_and_summary_readback_is_exact ... ok
test unavailable_production_transport_never_invents_a_summarizer_session ... ok
test unavailable_timeline_or_route_and_rejected_summary_are_explicitly_degraded ... ok

test result: ok. 3 passed; 0 failed; 0 ignored; 0 measured; 0 filtered out; finished in 0.01s

   Doc-tests kontor_daemon

running 0 tests

test result: ok. 0 passed; 0 failed; 0 ignored; 0 measured; 0 filtered out; finished in 0.00s

--- exit status: 0 (303s) ---
finished      : 2026-10-03T18:54:53Z
--- git status --porcelain=v1 (whole repo, verbatim) AFTER ---
--- (end) ---
source vs HEAD: every tracked source path identical to HEAD
disk free     : 154Gi
