   Compiling kontor-runtime v0.2.1 (/private/var/folders/t3/0tbx772d571_57t01yb9twx00000gn/T/asma-8278-attestation-mutations-gvnm3zs2/source/crates/kontor-runtime)
    Finished `test` profile [unoptimized + debuginfo] target(s) in 5.97s
     Running unittests src/lib.rs (/var/folders/t3/0tbx772d571_57t01yb9twx00000gn/T/asma-8278-attestation-mutations-gvnm3zs2/target/debug/deps/kontor_runtime-38fd6bad31f23716)

running 15 tests
test planning_pair::attestation::tests::all_and_only_the_six_existing_command_names_are_supported ... ok
test planning_pair::attestation::tests::every_native_identity_component_must_match_exactly ... ok
test planning_pair::attestation::tests::audience_and_ungranted_operation_are_refused ... ok
test planning_pair::attestation::tests::seat_and_generation_must_match_exactly ... ok
test planning_pair::attestation::tests::every_scope_component_must_match_exactly ... ok
test planning_pair::attestation::tests::malformed_claims_and_zero_generations_are_refused ... ok
test planning_pair::attestation::tests::explicit_policy_audience_and_expected_generations_must_be_valid ... ok
test planning_pair::attestation::tests::exact_bytes_signature_and_domain_are_required ... ok
test planning_pair::attestation::tests::revoked_and_invalid_key_intervals_are_refused ... ok
test planning_pair::attestation::tests::token_interval_is_inclusive_at_start_exclusive_at_expiry_and_policy_bounded ... ok
test planning_pair::attestation::tests::valid_signature_returns_only_claims_and_snapshot_revision ... ok
test planning_pair::attestation::tests::snapshot_ambiguity_invalid_revision_and_key_bounds_are_refused ... ok
test planning_pair::attestation::tests::bounds_are_checked_before_parsing_or_signature_verification ... ok
test planning_pair::attestation::tests::unknown_duplicate_fields_and_invalid_ids_are_refused_without_defaults ... ok
test planning_pair::attestation::tests::unknown_issuer_key_and_wrong_public_key_are_refused ... ok

test result: ok. 15 passed; 0 failed; 0 ignored; 0 measured; 107 filtered out; finished in 0.67s

