   Compiling libc v0.2.189
   Compiling proc-macro2 v1.0.107
   Compiling unicode-ident v1.0.26
   Compiling quote v1.0.47
   Compiling jobserver v0.1.35
   Compiling find-msvc-tools v0.1.12
   Compiling syn v3.0.6
   Compiling shlex v2.0.1
   Compiling cc v1.4.6
   Compiling pkg-config v0.3.34
   Compiling cmake v0.1.58
   Compiling itoa v1.0.18
   Compiling dunce v1.0.5
   Compiling fs_extra v1.3.0
   Compiling aws-lc-sys v0.45.0
   Compiling stable_deref_trait v1.2.1
   Compiling serde_core v1.0.229
   Compiling synstructure v0.14.0
   Compiling zerofrom-derive v0.1.8
   Compiling yoke-derive v0.8.3
   Compiling zerofrom v0.1.8
   Compiling yoke v0.8.3
   Compiling zerovec-derive v0.11.6
   Compiling errno v0.3.14
   Compiling aws-lc-rs v1.18.1
   Compiling memchr v2.8.3
   Compiling pin-project-lite v0.2.17
   Compiling bytes v1.12.1
   Compiling zerovec v0.11.8
   Compiling displaydoc v0.2.7
   Compiling cfg-if v1.0.5
   Compiling getrandom v0.4.3
   Compiling zeroize v1.9.0
   Compiling typenum v1.20.1
   Compiling hybrid-array v0.4.15
   Compiling futures-core v0.3.34
   Compiling untrusted v0.7.1
   Compiling zmij v1.0.23
   Compiling signal-hook-registry v1.4.8
   Compiling tokio-macros v2.7.2
   Compiling socket2 v0.6.5
   Compiling mio v1.2.3
   Compiling smallvec v1.16.1
   Compiling serde v1.0.229
   Compiling serde_json v1.0.151
   Compiling tokio v1.53.1
   Compiling crypto-common v0.2.2
   Compiling block-buffer v0.12.1
   Compiling tinystr v0.8.4
   Compiling serde_derive v1.0.229
   Compiling once_cell v1.21.4
   Compiling thiserror v2.0.20
   Compiling litemap v0.8.3
   Compiling const-oid v0.10.2
   Compiling writeable v0.6.4
   Compiling icu_locale_core v2.3.0
   Compiling digest v0.11.3
   Compiling uuid v1.24.0
   Compiling zerotrie v0.2.5
   Compiling potential_utf v0.1.6
   Compiling thiserror-impl v2.0.20
   Compiling cpufeatures v0.3.1
   Compiling jiff-core v0.1.1
   Compiling jiff-tzdb v0.1.8
   Compiling utf8_iter v1.0.4
   Compiling icu_properties_data v2.3.0
   Compiling core-foundation-sys v0.8.7
   Compiling icu_normalizer_data v2.3.0
   Compiling icu_collections v2.3.0
   Compiling jiff v0.2.35
   Compiling sha2 v0.11.0
   Compiling icu_provider v2.3.1
   Compiling http v1.5.0
   Compiling bitflags v2.13.2
   Compiling hex v0.4.3
   Compiling kontor-core v0.2.1 (/private/var/folders/t3/0tbx772d571_57t01yb9twx00000gn/T/asma-8278-prepared-token-validation-da8llp8_/mutation-source/crates/kontor-core)
   Compiling http-body v1.1.0
   Compiling rustls-pki-types v1.15.1
   Compiling percent-encoding v2.3.2
   Compiling rustls v0.23.45
   Compiling httparse v1.10.1
   Compiling futures-task v0.3.34
   Compiling slab v0.4.12
   Compiling untrusted v0.9.0
   Compiling futures-util v0.3.34
   Compiling icu_normalizer v2.3.0
   Compiling icu_properties v2.3.0
   Compiling subtle v2.6.1
   Compiling try-lock v0.2.5
   Compiling tower-service v0.3.3
   Compiling autocfg v1.5.1
   Compiling num-traits v0.2.19
   Compiling want v0.3.1
   Compiling idna_adapter v1.2.2
   Compiling tracing-core v0.1.36
   Compiling futures-channel v0.3.34
   Compiling async-trait v0.1.92
   Compiling atomic-waker v1.1.2
   Compiling hyper v1.11.1
   Compiling tracing v0.1.44
   Compiling idna v1.1.0
   Compiling form_urlencoded v1.2.2
   Compiling security-framework-sys v2.17.0
   Compiling core-foundation v0.10.1
   Compiling sync_wrapper v1.0.2
   Compiling nom v8.0.0
   Compiling tower-layer v0.3.3
   Compiling base64 v0.22.1
   Compiling vcpkg v0.2.15
   Compiling ipnet v2.12.2
   Compiling hyper-util v0.1.20
   Compiling libsqlite3-sys v0.38.2
   Compiling tower v0.5.3
   Compiling security-framework v3.7.0
   Compiling url v2.5.8
   Compiling iana-time-zone v0.1.65
   Compiling futures-sink v0.3.34
   Compiling foldhash v0.2.0
   Compiling log v0.4.34
   Compiling hashbrown v0.17.1
   Compiling tokio-util v0.7.19
   Compiling chrono v0.4.45
   Compiling tower-http v0.6.11
   Compiling iso8601 v0.6.6
   Compiling nom-language v0.1.0
   Compiling http-body-util v0.1.5
   Compiling kontor-context v0.2.1 (/private/var/folders/t3/0tbx772d571_57t01yb9twx00000gn/T/asma-8278-prepared-token-validation-da8llp8_/mutation-source/crates/kontor-context)
   Compiling kontor-policy v0.2.1 (/private/var/folders/t3/0tbx772d571_57t01yb9twx00000gn/T/asma-8278-prepared-token-validation-da8llp8_/mutation-source/crates/kontor-policy)
   Compiling rustix v1.1.5
   Compiling icalendar v0.17.13
   Compiling hashlink v0.12.2
   Compiling fallible-iterator v0.3.0
   Compiling fallible-streaming-iterator v0.1.9
   Compiling rusqlite v0.40.2
   Compiling fastrand v2.5.0
   Compiling tempfile v3.27.0
   Compiling rustls-webpki v0.103.15
   Compiling kontor-runtime v0.2.1 (/private/var/folders/t3/0tbx772d571_57t01yb9twx00000gn/T/asma-8278-prepared-token-validation-da8llp8_/mutation-source/crates/kontor-runtime)
   Compiling tokio-rustls v0.26.5
   Compiling hyper-rustls v0.27.9
   Compiling rustls-platform-verifier v0.7.0
   Compiling reqwest v0.13.4
   Compiling kontor-scheduler v0.2.1 (/private/var/folders/t3/0tbx772d571_57t01yb9twx00000gn/T/asma-8278-prepared-token-validation-da8llp8_/mutation-source/crates/kontor-scheduler)
   Compiling kontor-teams v0.2.1 (/private/var/folders/t3/0tbx772d571_57t01yb9twx00000gn/T/asma-8278-prepared-token-validation-da8llp8_/mutation-source/crates/kontor-teams)
   Compiling kontor-calendar v0.2.1 (/private/var/folders/t3/0tbx772d571_57t01yb9twx00000gn/T/asma-8278-prepared-token-validation-da8llp8_/mutation-source/crates/kontor-calendar)
   Compiling kontor-store v0.2.1 (/private/var/folders/t3/0tbx772d571_57t01yb9twx00000gn/T/asma-8278-prepared-token-validation-da8llp8_/mutation-source/crates/kontor-store)
   Compiling kontor-profiles v0.2.1 (/private/var/folders/t3/0tbx772d571_57t01yb9twx00000gn/T/asma-8278-prepared-token-validation-da8llp8_/mutation-source/crates/kontor-profiles)
    Finished `test` profile [unoptimized + debuginfo] target(s) in 1m 45s
     Running tests/attestation_token_metadata.rs (/var/folders/t3/0tbx772d571_57t01yb9twx00000gn/T/asma-8278-prepared-token-validation-da8llp8_/mutation-target/debug/deps/attestation_token_metadata-27446f01ef2e338a)

running 22 tests
test a_container_native_identity_cannot_masquerade_as_seat_provenance ... ok
test all_family_qualified_registry_metadata_is_retained_and_disposed_pairs_refuse ... ok
test both_heads_use_exact_cas_and_failed_preparation_rolls_back ... ok
test checked_token_revision_overflow_leaves_no_partial_preparation_or_revocation ... ok
test bounds_intervals_and_native_generation_refuse_without_token_head ... ok
test consultation_eligible_phases_are_explicit_and_terminal_or_needs_human_refuse ... ok
test consultation_uses_stored_run_slot_revisions_and_its_own_generation ... ok
test consultation_slot_node_cross_run_and_ambiguous_domain_refuse_unchanged ... ok
test fresh_checks_precede_identity_reuse_and_leave_existing_commitment_unchanged ... ok
test hosted_preparation_is_coherent_durable_and_does_not_advance_key_head ... ok
test hosted_generation_is_history_count_plus_one_not_runtime_generation ... ok
test irreversible_revocation_remains_available_after_key_revocation_and_seat_retirement ... ok
test migration125_transaction_rolls_back_all_tables_and_version_on_ddl_failure ... ok
test permanent_issuer_token_identity_refuses_even_identical_reuse_across_rotation ... ok
test inactive_binding_and_node_each_refuse_unchanged ... ok
test raw_sql_cannot_replace_rewrite_unrevoke_or_delete_metadata_or_heads ... ok
test prepared_and_revoked_history_cannot_be_exported_or_restored_to_an_older_head ... ok
test raw_sql_insert_refuses_false_key_commitments_and_invalid_bounds_atomically ... ok
test scope_and_absent_task_are_exact_and_cross_scope_reads_do_not_leak ... ok
test selected_key_absence_revocation_and_exact_native_components_are_checked ... ok
test two_store_preparation_race_has_one_cas_winner_and_one_unchanged_conflict ... ok
test unknown_native_and_missing_consultation_never_imply_hosted_provenance ... ok

test result: ok. 22 passed; 0 failed; 0 ignored; 0 measured; 0 filtered out; finished in 5.44s

