    Checking libc v0.2.189
    Checking typenum v1.20.1
   Compiling jobserver v0.1.35
   Compiling cc v1.4.6
    Checking hybrid-array v0.4.15
   Compiling cmake v0.1.58
    Checking serde_core v1.0.229
   Compiling aws-lc-sys v0.45.0
    Checking cfg-if v1.0.5
    Checking crypto-common v0.2.2
    Checking block-buffer v0.12.1
    Checking const-oid v0.10.2
    Checking digest v0.11.3
    Checking zmij v1.0.23
    Checking getrandom v0.4.3
    Checking cpufeatures v0.3.1
    Checking jiff-tzdb v0.1.8
    Checking jiff-core v0.1.1
    Checking itoa v1.0.18
    Checking memchr v2.8.3
    Checking serde_json v1.0.151
    Checking jiff v0.2.35
    Checking thiserror v2.0.20
    Checking serde v1.0.229
    Checking sha2 v0.11.0
    Checking uuid v1.24.0
    Checking errno v0.3.14
    Checking zeroize v1.9.0
    Checking untrusted v0.7.1
    Checking hex v0.4.3
    Checking kontor-core v0.2.1 (/Users/igor/.paseo/worktrees/0n8yzbno/asma-8278-module-restart-20261004/crates/kontor-core)
    Checking signal-hook-registry v1.4.8
    Checking mio v1.2.3
    Checking socket2 v0.6.5
    Checking pin-project-lite v0.2.17
    Checking bytes v1.12.1
    Checking tokio v1.53.1
   Compiling aws-lc-rs v1.18.1
    Checking kontor-runtime v0.2.1 (/Users/igor/.paseo/worktrees/0n8yzbno/asma-8278-module-restart-20261004/crates/kontor-runtime)
    Finished `dev` profile [unoptimized + debuginfo] target(s) in 36.37s
