   Compiling kontor-core v0.2.1 (/private/tmp/asma-8278-module-consolidation-20261002.Mcrugq/crates/kontor-core)
   Compiling kontor-runtime v0.2.1 (/private/tmp/asma-8278-module-consolidation-20261002.Mcrugq/crates/kontor-runtime)
   Compiling kontor-policy v0.2.1 (/private/tmp/asma-8278-module-consolidation-20261002.Mcrugq/crates/kontor-policy)
   Compiling kontor-context v0.2.1 (/private/tmp/asma-8278-module-consolidation-20261002.Mcrugq/crates/kontor-context)
   Compiling kontor-teams v0.2.1 (/private/tmp/asma-8278-module-consolidation-20261002.Mcrugq/crates/kontor-teams)
   Compiling kontor-scheduler v0.2.1 (/private/tmp/asma-8278-module-consolidation-20261002.Mcrugq/crates/kontor-scheduler)
   Compiling kontor-profiles v0.2.1 (/private/tmp/asma-8278-module-consolidation-20261002.Mcrugq/crates/kontor-profiles)
   Compiling kontor-calendar v0.2.1 (/private/tmp/asma-8278-module-consolidation-20261002.Mcrugq/crates/kontor-calendar)
   Compiling kontor-store v0.2.1 (/private/tmp/asma-8278-module-consolidation-20261002.Mcrugq/crates/kontor-store)
error[E0308]: mismatched types
    --> crates/kontor-store/tests/attestation_token_metadata.rs:273:47
     |
 273 |             invoke_key: IdempotencyKey::parse(run_id.as_text()).expect("invoke"),
     |                         --------------------- ^^^^^^^^^^^^^^^^ expected `&str`, found `String`
     |                         |
     |                         arguments to this function are incorrect
     |
note: associated function defined here
    --> crates/kontor-core/src/id.rs:1163:12
     |
1163 |     pub fn parse(text: &str) -> DomainResult<Self> {
     |            ^^^^^
help: consider borrowing here
     |
 273 |             invoke_key: IdempotencyKey::parse(&run_id.as_text()).expect("invoke"),
     |                                               +

error[E0308]: mismatched types
   --> crates/kontor-store/tests/attestation_token_metadata.rs:324:48
    |
324 |         observed.native_identity = Some(native(run_id.as_text()));
    |                                         ------ ^^^^^^^^^^^^^^^^ expected `&str`, found `String`
    |                                         |
    |                                         arguments to this function are incorrect
    |
note: function defined here
   --> crates/kontor-store/tests/attestation_token_metadata.rs:35:4
    |
 35 | fn native(value: &str) -> NativeRuntimeIdentity {
    |    ^^^^^^ -----------
help: consider borrowing here
    |
324 |         observed.native_identity = Some(native(&run_id.as_text()));
    |                                                +

error[E0308]: mismatched types
   --> crates/kontor-store/tests/attestation_token_metadata.rs:334:31
    |
334 |         request.token_id = id(run_id.as_text());
    |                            -- ^^^^^^^^^^^^^^^^ expected `&str`, found `String`
    |                            |
    |                            arguments to this function are incorrect
    |
note: function defined here
   --> crates/kontor-store/tests/attestation_token_metadata.rs:29:4
    |
 29 | fn id(value: &str) -> ExternalId {
    |    ^^ -----------
help: consider borrowing here
    |
334 |         request.token_id = id(&run_id.as_text());
    |                               +

For more information about this error, try `rustc --explain E0308`.
error: could not compile `kontor-store` (test "attestation_token_metadata") due to 3 previous errors
