   Compiling kontor-store v0.2.1 (/private/tmp/asma-8278-module-consolidation-20261002.Mcrugq/crates/kontor-store)
    Finished `test` profile [unoptimized + debuginfo] target(s) in 0.76s
     Running unittests src/lib.rs (target/debug/deps/kontor_store-277147386e385a4d)

running 18 tests
test backup::export::attestation_ledger_tests::historical_table_absence_is_allowed_only_before_124 ... ok
test backup::export::attestation_ledger_tests::token_tables_are_required_at125_and_legacy124_absence_never_skips_keys ... ok
test backup::restore::tests::a_taken_superseded_name_is_refused_and_nothing_moves ... ok
test backup::restore::tests::a_failed_publish_puts_the_occupant_back_and_leaves_no_superseded_name ... ok
test memory::tests::an_import_that_fails_while_recording_its_manifest_leaves_nothing_and_resumes ... ok
test memory::tests::concurrent_approvers_get_one_commit_and_one_typed_conflict ... ok
test memory::tests::current_retrieval_does_not_decode_superseded_history_or_unapproved_drafts ... ok
test memory::tests::cutover_is_attested_hashed_transactional_and_idempotent ... ok
test memory::tests::first_proposal_history_is_readable_before_approval_and_after_restart ... ok
test memory::tests::frozen_revision_hash_is_the_approved_stored_hash ... ok
test memory::tests::ledger_conflicts_filters_rebuilds_and_freezes_context ... ok
test memory::tests::proposal_never_enters_fts_before_approval ... ok
test memory::tests::purge_removes_payload_approval_and_index_but_keeps_receipts ... ok
test memory::tests::reproposal_never_resets_the_aggregate_revision ... ok
test memory::tests::two_approvals_leave_exactly_one_current_revision ... ok
test query::tests::a_calendar_assignment_flips_the_flag_the_plan_route_refuses_on ... ok
test query::tests::the_assembled_priority_is_a_stated_constant_rather_than_a_guess ... ok
test query::tests::a_fresh_realm_has_no_projects_and_no_calendar_assignment ... ok

test result: ok. 18 passed; 0 failed; 0 ignored; 0 measured; 0 filtered out; finished in 40.97s

     Running tests/attestation_token_metadata.rs (target/debug/deps/attestation_token_metadata-27446f01ef2e338a)

running 20 tests
test a_container_native_identity_cannot_masquerade_as_seat_provenance ... ok
test both_heads_use_exact_cas_and_failed_preparation_rolls_back ... ok
test checked_token_revision_overflow_leaves_no_partial_preparation_or_revocation ... ok
test bounds_intervals_and_native_generation_refuse_without_token_head ... ok
test consultation_eligible_phases_are_explicit_and_terminal_or_needs_human_refuse ... ok
test consultation_uses_stored_run_slot_revisions_and_its_own_generation ... ok
test consultation_slot_node_cross_run_and_ambiguous_domain_refuse_unchanged ... ok
test fresh_checks_precede_identity_reuse_and_leave_existing_commitment_unchanged ... ok
test hosted_generation_is_history_count_plus_one_not_runtime_generation ... ok
test hosted_preparation_is_coherent_durable_and_does_not_advance_key_head ... ok
test irreversible_revocation_remains_available_after_key_revocation_and_seat_retirement ... ok
test migration125_transaction_rolls_back_all_tables_and_version_on_ddl_failure ... ok
test permanent_issuer_token_identity_refuses_even_identical_reuse_across_rotation ... ok
test inactive_binding_and_node_each_refuse_unchanged ... ok
test raw_sql_cannot_replace_rewrite_unrevoke_or_delete_metadata_or_heads ... ok
test prepared_and_revoked_history_cannot_be_exported_or_restored_to_an_older_head ... ok
test scope_and_absent_task_are_exact_and_cross_scope_reads_do_not_leak ... ok
test two_store_preparation_race_has_one_cas_winner_and_one_unchanged_conflict ... ok
test selected_key_absence_revocation_and_exact_native_components_are_checked ... ok
test unknown_native_and_missing_consultation_never_imply_hosted_provenance ... ok

test result: ok. 20 passed; 0 failed; 0 ignored; 0 measured; 0 filtered out; finished in 5.81s

     Running tests/backup_snapshot.rs (target/debug/deps/backup_snapshot-ba16d7a45b9280c9)

running 25 tests
test a_manifest_that_does_not_describe_its_snapshot_is_refused ... ok
test a_nonempty_public_authority_snapshot_is_refused_before_destination_creation ... ok
test a_damaged_database_is_never_copied_and_replaces_nothing ... ok
test a_published_snapshot_is_never_overwritten ... ok
test a_restore_refuses_a_taken_superseded_name_and_leaves_the_destination_intact ... ok
test a_snapshot_taken_while_the_database_is_written_is_a_consistent_point ... ok
test a_restore_reinstates_the_same_realm_and_refuses_a_different_one ... ok
test an_uncheckpointed_public_ledger_refusal_leaves_all_target_files_unchanged ... ok
test an_old_empty_snapshot_cannot_rollback_current_public_key_revocation ... ok
test corrupted124_destination_ledger_tables_refuse_without_directory_changes ... ok
test corrupted124_missing_ledger_tables_is_not_an_empty_restore_fallback ... ok
test empty_historical124_token_absence_preserves_schema_refusal_and_additive_open ... ok
test empty_ledger_restore_handles_uri_delimiters_in_the_target_path ... ok
test corrupted125_missing_token_tables_refuse_source_and_target_without_mutation ... ok
test historical_pre124_files_retain_schema_refusal_and_additive_open_behavior ... ok
test memory_ledger_and_import_evidence_restore_while_fts_is_rebuilt ... ok
test missing_and_zero_main_without_nonempty_wal_retain_supported_restore ... ok
test nonempty_public_authority_ledger_is_not_silently_omitted_from_export ... ok
test missing_main_with_committed_wal_refuses_without_changing_destination_files ... ok
test retention_never_empties_a_directory_that_holds_one_backup ... ok
test retention_keeps_the_newest_seven_of_this_realm_and_touches_nothing_else ... ok
test snapshot_preserves_exact_k_and_k2_profile_selection_bindings ... ok
test the_gate_rejection_route_schema_migrates_and_survives_a_snapshot ... ok
test two_simultaneous_publishers_of_one_name_produce_one_snapshot ... ok
test zero_main_with_committed_wal_refuses_without_changing_destination_files ... ok

test result: ok. 25 passed; 0 failed; 0 ignored; 0 measured; 0 filtered out; finished in 92.85s

