   Compiling kontor-store v0.2.1 (/private/tmp/asma-8278-module-consolidation-20261002.Mcrugq/crates/kontor-store)
error: couldn't read `crates/kontor-store/tests/attestation_token_metadata/../migrations/0125_prepared_attestation_tokens.sql`: No such file or directory (os error 2)
   --> crates/kontor-store/tests/attestation_token_metadata/guards.rs:263:30
    |
263 |               tx.execute_batch(include_str!(
    |  ______________________________^
264 | |                 "../migrations/0125_prepared_attestation_tokens.sql"
265 | |             ))
    | |_____________^
    |
help: there is a file with the same name in a different directory
    |
264 |                 "../../migrations/0125_prepared_attestation_tokens.sql"
    |                     +++

warning: unused import: `AttestationSeatProvenance`
  --> crates/kontor-store/tests/attestation_token_metadata/fixture.rs:13:64
   |
13 |     AttestationAuthorityRepository, AttestationAuthorityScope, AttestationSeatProvenance,
   |                                                                ^^^^^^^^^^^^^^^^^^^^^^^^^
   |
   = note: `#[warn(unused_imports)]` (part of `#[warn(unused)]`) on by default

warning: unused import: `params`
  --> crates/kontor-store/tests/attestation_token_metadata/fixture.rs:26:28
   |
26 | use rusqlite::{Connection, params};
   |                            ^^^^^^

warning: `kontor-store` (test "attestation_token_metadata") generated 2 warnings
error: could not compile `kontor-store` (test "attestation_token_metadata") due to 1 previous error; 2 warnings emitted
