=== mutant M-COH-TEAM-persona-after-release (corrected baseline) ===
baseline commit   : 8910ebc603b5d013861d0793c6f8384f75eaca9d
mutated file      : crates/kontor-daemon/src/applications.rs
snapshot sha256   : 3c679d0a574753fe3f40cfe4359860ea4e9e64445fa6d40056c456d38fedb517
mutated  sha256   : fa27ad9c6f2c69687af2f9077b66ed3d4ae3d04cdb47bb4142eac0b3b740e3e4
patch             : M-COH-TEAM-persona-after-release.patch (mutation-only, 50 lines)
  git apply --check: accepted
  patch --dry-run  : patching file 'crates/kontor-daemon/src/applications.rs'
command           : cargo test -p kontor-daemon --lib -- coherence::the_core_team --test-threads=1   (hard limit 420s)
toolchain         : rustc 1.97.1 (8bab26f4f 2026-07-14)
platform          : Darwin 25.6.0 arm64
--- raw output ---
   Compiling kontor-daemon v0.2.1 (/Users/igor/carasent/asma-modules/.worktrees/feat/ASMA-8187-repair-admin-preview-apply-stale-native-core-team-succession/_tools/asma-rs-kontor/crates/kontor-daemon)
warning: method `epic_control_seat_binding` is never used
    --> crates/kontor-daemon/src/applications.rs:8492:8
     |
 976 | impl Services {
     | ------------- method in this implementation
...
8492 |     fn epic_control_seat_binding(
     |        ^^^^^^^^^^^^^^^^^^^^^^^^^
     |
     = note: `#[warn(dead_code)]` (part of `#[warn(unused)]`) on by default

warning: `kontor-daemon` (lib test) generated 1 warning
    Finished `test` profile [unoptimized + debuginfo] target(s) in 27.84s
     Running unittests src/lib.rs (target/debug/deps/kontor_daemon-efbe81bf64c053fc)

running 1 test
test applications::coherence::the_core_team_projection_answers_from_one_instant ... FAILED

failures:

---- applications::coherence::the_core_team_projection_answers_from_one_instant stdout ----

thread 'applications::coherence::the_core_team_projection_answers_from_one_instant' (24930912) panicked at crates/kontor-daemon/src/applications.rs:44739:9:
a succession committed while the projection held the store lock
note: run with `RUST_BACKTRACE=1` environment variable to display a backtrace


failures:
    applications::coherence::the_core_team_projection_answers_from_one_instant

test result: FAILED. 0 passed; 1 failed; 0 ignored; 0 measured; 124 filtered out; finished in 4.06s

error: test failed, to rerun pass `-p kontor-daemon --lib`
--- exit status: 101 (non-zero = killed; 124 = timeout, inconclusive) ---
restored sha256   : 3c679d0a574753fe3f40cfe4359860ea4e9e64445fa6d40056c456d38fedb517
restoration       : byte-identical to the named snapshot
MUTANT markers    : 0
