=== mutant M-COH-split-lock-boundary-36ed5607 (corrected baseline) ===
baseline commit   : 36ed5607753bb749a3a3f12f785fe632c3092650
mutated file      : crates/kontor-daemon/src/applications.rs
snapshot sha256   : 122ebac3bea301310889e20ec31102352928da743a5d6e496127ace6d6328029
mutated  sha256   : 302a09b0fdc953d84c464b6cf31aa994b5a88c3a099bb86170fa0333ea3eef15
patch             : M-COH-split-lock-boundary-36ed5607.patch (mutation-only, 64 lines)
  git apply --check: accepted
  patch --dry-run  : patching file 'crates/kontor-daemon/src/applications.rs'
test command      : cargo test -p kontor-daemon --lib -- coherence::the_occupancy_chain --test-threads=1
reproduce (exact) : LIMIT=600 docs/evidence/ASMA-8187/mutants/harness/mutate.sh M-COH-split-lock-boundary-36ed5607 docs/evidence/ASMA-8187/mutants/harness/m_coh.py crates/kontor-daemon/src/applications.rs test -p kontor-daemon --lib -- coherence::the_occupancy_chain --test-threads=1
limiter           : this harness bounds the run at 600s wall clock and
                    reports 124 = timeout, inconclusive, never a kill.
toolchain         : rustc 1.97.1 (8bab26f4f 2026-07-14)
platform          : Darwin 25.6.0 arm64
--- raw output ---
   Compiling kontor-daemon v0.2.1 (/Users/igor/carasent/asma-modules/.worktrees/feat/ASMA-8187-repair-admin-preview-apply-stale-native-core-team-succession/_tools/asma-rs-kontor/crates/kontor-daemon)
    Finished `test` profile [unoptimized + debuginfo] target(s) in 14.11s
     Running unittests src/lib.rs (target/debug/deps/kontor_daemon-efbe81bf64c053fc)

running 1 test
test applications::coherence::the_occupancy_chain_answers_from_one_instant ... FAILED

failures:

---- applications::coherence::the_occupancy_chain_answers_from_one_instant stdout ----

thread 'applications::coherence::the_occupancy_chain_answers_from_one_instant' (25248530) panicked at crates/kontor-daemon/src/applications.rs:44723:9:
a succession committed while the projection held the store lock
note: run with `RUST_BACKTRACE=1` environment variable to display a backtrace


failures:
    applications::coherence::the_occupancy_chain_answers_from_one_instant

test result: FAILED. 0 passed; 1 failed; 0 ignored; 0 measured; 124 filtered out; finished in 1.81s

error: test failed, to rerun pass `-p kontor-daemon --lib`
--- exit status: 101 (non-zero = killed; 124 = timeout, inconclusive) ---
restored sha256   : 122ebac3bea301310889e20ec31102352928da743a5d6e496127ace6d6328029
restoration       : byte-identical to the named snapshot
MUTANT markers    : 0
