=== mutant M-CTL-refuse-every-realm (corrected baseline) ===
source state at   : 8910ebc603b5d013861d0793c6f8384f75eaca9d
identity note     : the snapshot below is what was mutated. The commit by
                    which that state is reached is 8910ebc603b5d013861d0793c6f8384f75eaca9d. An earlier
                    revision of this log named 5e00a238, which was HEAD when
                    the harness read it but whose applications.rs is
                    4e04205f... -- not the file these runs mutated.
mutated file      : crates/kontor-daemon/src/main.rs
snapshot sha256   : 92015a21f2f8a7e67b70ad1ae7965ba0e3ad2293f293e75fc17db30b03f22881
mutated  sha256   : 2a2ec0980b5f992a6eaa3008f78389bf4e4152392ec4546266ff79c62a5f9bc1
patch             : M-CTL-refuse-every-realm-8910ebc6.patch (mutation-only, 13 lines)
  git apply --check: accepted
  patch --dry-run  : patching file 'crates/kontor-daemon/src/main.rs'
  correction       : an earlier revision of this log named
                     'M-CTL-refuse-every-realm.patch' -- the
                     historical carrier, not the artifact this run produced.
                     That earlier line also reported 'accepted'. The bare
                     carrier is the malformed one -- `git apply --check`
                     answers "No valid patches in input" for it -- so the
                     acceptance was true of this run's artifact but was
                     printed against a filename for which it is false.
                     The two checks above were re-run against the companion
                     named here on 2026-10-03T18:32:19Z and their output is
                     what is shown. The historical carrier is untouched.
command           : cargo test -p kontor-daemon --bin kontor-daemon -- a_current_realm_reaches_the_credential_reader   (hard limit 420s)
toolchain         : rustc 1.97.1 (8bab26f4f 2026-07-14)
platform          : Darwin 25.6.0 arm64
--- raw output ---
   Compiling kontor-store v0.2.1 (/Users/igor/carasent/asma-modules/.worktrees/feat/ASMA-8187-repair-admin-preview-apply-stale-native-core-team-succession/_tools/asma-rs-kontor/crates/kontor-store)
   Compiling kontor-api v0.2.1 (/Users/igor/carasent/asma-modules/.worktrees/feat/ASMA-8187-repair-admin-preview-apply-stale-native-core-team-succession/_tools/asma-rs-kontor/crates/kontor-api)
   Compiling kontor-daemon v0.2.1 (/Users/igor/carasent/asma-modules/.worktrees/feat/ASMA-8187-repair-admin-preview-apply-stale-native-core-team-succession/_tools/asma-rs-kontor/crates/kontor-daemon)
warning: method `epic_control_seat_binding` is never used
    --> crates/kontor-daemon/src/applications.rs:8448:8
     |
 939 | impl Services {
     | ------------- method in this implementation
...
8448 |     fn epic_control_seat_binding(
     |        ^^^^^^^^^^^^^^^^^^^^^^^^^
     |
     = note: `#[warn(dead_code)]` (part of `#[warn(unused)]`) on by default

warning: `kontor-daemon` (lib) generated 1 warning
    Finished `test` profile [unoptimized + debuginfo] target(s) in 5.03s
     Running unittests src/main.rs (target/debug/deps/kontor_daemon-a20f67ba496d7207)

running 1 test
test tests::a_current_realm_reaches_the_credential_reader_and_fails_after_the_gate ... FAILED

failures:

---- tests::a_current_realm_reaches_the_credential_reader_and_fails_after_the_gate stdout ----

thread 'tests::a_current_realm_reaches_the_credential_reader_and_fails_after_the_gate' (23792547) panicked at crates/kontor-daemon/src/main.rs:967:9:
a current realm did not reach the credential reader: Err(CredentialScope)
note: run with `RUST_BACKTRACE=1` environment variable to display a backtrace


failures:
    tests::a_current_realm_reaches_the_credential_reader_and_fails_after_the_gate

test result: FAILED. 0 passed; 1 failed; 0 ignored; 0 measured; 9 filtered out; finished in 1.71s

error: test failed, to rerun pass `-p kontor-daemon --bin kontor-daemon`
--- exit status: 101 (non-zero = killed; 124 = timeout, inconclusive) ---
restored sha256   : 92015a21f2f8a7e67b70ad1ae7965ba0e3ad2293f293e75fc17db30b03f22881
restoration       : byte-identical to the named snapshot
MUTANT markers    : 0
