=== mutant M-P12a-scanner-forgets-seat-bearers ===
baseline commit : a088e037c083b2e6c2c2ddff670df4ea2d918371
baseline tree   : 9a8114d00b87a90270bddde5aa37683c1a91f912
command         : cargo test -p kontor-store --test hosted_seat_autonomy -- a_real_format_seat_bearer_is_refused_by_value_wherever_it_appears
toolchain       : rustc 1.97.1 (8bab26f4f 2026-07-14)
platform        : Darwin 25.6.0 arm64
--- preimage sha256 (files this mutant touches, at baseline) ---
3115a4e220a431ddc6ff455d59815c5277575361071599925a30b3b2136d8567  crates/kontor-core/src/id.rs
--- mutated sha256 ---
3a03dbe888e6089e572dff327c89df685ecc7f49d6f5a1390c6121f856eaba74  crates/kontor-core/src/id.rs
--- raw output ---
   Compiling kontor-core v0.2.1 (/Users/igor/carasent/asma-modules/.worktrees/feat/ASMA-8187-repair-admin-preview-apply-stale-native-core-team-succession/_tools/asma-rs-kontor/crates/kontor-core)
   Compiling kontor-runtime v0.2.1 (/Users/igor/carasent/asma-modules/.worktrees/feat/ASMA-8187-repair-admin-preview-apply-stale-native-core-team-succession/_tools/asma-rs-kontor/crates/kontor-runtime)
   Compiling kontor-policy v0.2.1 (/Users/igor/carasent/asma-modules/.worktrees/feat/ASMA-8187-repair-admin-preview-apply-stale-native-core-team-succession/_tools/asma-rs-kontor/crates/kontor-policy)
   Compiling kontor-context v0.2.1 (/Users/igor/carasent/asma-modules/.worktrees/feat/ASMA-8187-repair-admin-preview-apply-stale-native-core-team-succession/_tools/asma-rs-kontor/crates/kontor-context)
   Compiling kontor-scheduler v0.2.1 (/Users/igor/carasent/asma-modules/.worktrees/feat/ASMA-8187-repair-admin-preview-apply-stale-native-core-team-succession/_tools/asma-rs-kontor/crates/kontor-scheduler)
   Compiling kontor-teams v0.2.1 (/Users/igor/carasent/asma-modules/.worktrees/feat/ASMA-8187-repair-admin-preview-apply-stale-native-core-team-succession/_tools/asma-rs-kontor/crates/kontor-teams)
   Compiling kontor-profiles v0.2.1 (/Users/igor/carasent/asma-modules/.worktrees/feat/ASMA-8187-repair-admin-preview-apply-stale-native-core-team-succession/_tools/asma-rs-kontor/crates/kontor-profiles)
   Compiling kontor-calendar v0.2.1 (/Users/igor/carasent/asma-modules/.worktrees/feat/ASMA-8187-repair-admin-preview-apply-stale-native-core-team-succession/_tools/asma-rs-kontor/crates/kontor-calendar)
   Compiling kontor-store v0.2.1 (/Users/igor/carasent/asma-modules/.worktrees/feat/ASMA-8187-repair-admin-preview-apply-stale-native-core-team-succession/_tools/asma-rs-kontor/crates/kontor-store)
    Finished `test` profile [unoptimized + debuginfo] target(s) in 30.67s
     Running tests/hosted_seat_autonomy.rs (target/debug/deps/hosted_seat_autonomy-37350dd3fcfb6d32)

running 1 test
test a_real_format_seat_bearer_is_refused_by_value_wherever_it_appears ... FAILED

failures:

---- a_real_format_seat_bearer_is_refused_by_value_wherever_it_appears stdout ----

thread 'a_real_format_seat_bearer_is_refused_by_value_wherever_it_appears' (82561451) panicked at crates/kontor-store/tests/hosted_seat_autonomy.rs:2162:9:
a seat bearer canonicalized under a neutral key
note: run with `RUST_BACKTRACE=1` environment variable to display a backtrace


failures:
    a_real_format_seat_bearer_is_refused_by_value_wherever_it_appears

test result: FAILED. 0 passed; 1 failed; 0 ignored; 0 measured; 28 filtered out; finished in 1.83s

error: test failed, to rerun pass `-p kontor-store --test hosted_seat_autonomy`
--- exit status: 101 (non-zero = mutant killed) ---
--- restored sha256 ---
3115a4e220a431ddc6ff455d59815c5277575361071599925a30b3b2136d8567  crates/kontor-core/src/id.rs
restoration: byte-identical to baseline a088e037c083b2e6c2c2ddff670df4ea2d918371
