=== mutant M-P13-legacy-bytes-keep-the-backfill ===
baseline commit : a088e037c083b2e6c2c2ddff670df4ea2d918371
baseline tree   : 9a8114d00b87a90270bddde5aa37683c1a91f912
command         : cargo test -p kontor-store --test hosted_seat_autonomy -- an_authentic_schema_twelve_document_verifies_and_imports_with_an_empty_backfill
toolchain       : rustc 1.97.1 (8bab26f4f 2026-07-14)
platform        : Darwin 25.6.0 arm64
--- preimage sha256 (files this mutant touches, at baseline) ---
3aa98a0aec4261383d9ba7a570d9b7cfab4834b10e21a25f6ba1139619bc2479  crates/kontor-store/src/backup/export.rs
--- mutated sha256 ---
97dee9f9999f26cb53775f35ea9fe9dea83570fb4d42e09407ecbcee4f9e4cb9  crates/kontor-store/src/backup/export.rs
--- raw output ---
   Compiling kontor-store v0.2.1 (/Users/igor/carasent/asma-modules/.worktrees/feat/ASMA-8187-repair-admin-preview-apply-stale-native-core-team-succession/_tools/asma-rs-kontor/crates/kontor-store)
    Finished `test` profile [unoptimized + debuginfo] target(s) in 14.14s
     Running tests/hosted_seat_autonomy.rs (target/debug/deps/hosted_seat_autonomy-37350dd3fcfb6d32)

running 1 test
test an_authentic_schema_twelve_document_verifies_and_imports_with_an_empty_backfill ... FAILED

failures:

---- an_authentic_schema_twelve_document_verifies_and_imports_with_an_empty_backfill stdout ----

thread 'an_authentic_schema_twelve_document_verifies_and_imports_with_an_empty_backfill' (82564532) panicked at crates/kontor-store/tests/hosted_seat_autonomy.rs:2358:10:
an authentic schema-12 document verifies: Verification { detail: "the export's records do not hash to its declared digest" }
note: run with `RUST_BACKTRACE=1` environment variable to display a backtrace


failures:
    an_authentic_schema_twelve_document_verifies_and_imports_with_an_empty_backfill

test result: FAILED. 0 passed; 1 failed; 0 ignored; 0 measured; 28 filtered out; finished in 1.87s

error: test failed, to rerun pass `-p kontor-store --test hosted_seat_autonomy`
--- exit status: 101 (non-zero = mutant killed) ---
--- restored sha256 ---
3aa98a0aec4261383d9ba7a570d9b7cfab4834b10e21a25f6ba1139619bc2479  crates/kontor-store/src/backup/export.rs
restoration: byte-identical to baseline a088e037c083b2e6c2c2ddff670df4ea2d918371
