=== mutant M-P11b-identity-by-external-id ===
baseline commit : a088e037c083b2e6c2c2ddff670df4ea2d918371
baseline tree   : 9a8114d00b87a90270bddde5aa37683c1a91f912
command         : cargo test -p kontor-store --test hosted_seat_autonomy -- an_active_native_of_another_runtime_generation_is_not_this_successor
toolchain       : rustc 1.97.1 (8bab26f4f 2026-07-14)
platform        : Darwin 25.6.0 arm64
--- preimage sha256 (files this mutant touches, at baseline) ---
6a63c5dc587f3ef188a528d654dbe025e8d5432215089525074f1e61a4e202a0  crates/kontor-store/src/repository.rs
--- mutated sha256 ---
ee6bb3e579e4da4af194dd5d05a1ed825df33b5e9d0f42e85dae90445557bce9  crates/kontor-store/src/repository.rs
--- raw output ---
   Compiling kontor-store v0.2.1 (/Users/igor/carasent/asma-modules/.worktrees/feat/ASMA-8187-repair-admin-preview-apply-stale-native-core-team-succession/_tools/asma-rs-kontor/crates/kontor-store)
warning: unused variable: `successor_generation`
    --> crates/kontor-store/src/repository.rs:5684:46
     |
5684 |         let (Some(successor_native_id), Some(successor_generation), Some(_)) = (
     |                                              ^^^^^^^^^^^^^^^^^^^^ help: if this is intentional, prefix it with an underscore: `_successor_generation`
     |
     = note: `#[warn(unused_variables)]` (part of `#[warn(unused)]`) on by default

warning: `kontor-store` (lib) generated 1 warning (run `cargo fix --lib -p kontor-store` to apply 1 suggestion)
    Finished `test` profile [unoptimized + debuginfo] target(s) in 14.28s
     Running tests/hosted_seat_autonomy.rs (target/debug/deps/hosted_seat_autonomy-37350dd3fcfb6d32)

running 1 test
test an_active_native_of_another_runtime_generation_is_not_this_successor ... FAILED

failures:

---- an_active_native_of_another_runtime_generation_is_not_this_successor stdout ----

thread 'an_active_native_of_another_runtime_generation_is_not_this_successor' (82546948) panicked at crates/kontor-store/tests/hosted_seat_autonomy.rs:2053:10:
a native of another runtime generation proved this succession: Updated
note: run with `RUST_BACKTRACE=1` environment variable to display a backtrace


failures:
    an_active_native_of_another_runtime_generation_is_not_this_successor

test result: FAILED. 0 passed; 1 failed; 0 ignored; 0 measured; 28 filtered out; finished in 1.79s

error: test failed, to rerun pass `-p kontor-store --test hosted_seat_autonomy`
--- exit status: 101 (non-zero = mutant killed) ---
--- restored sha256 ---
6a63c5dc587f3ef188a528d654dbe025e8d5432215089525074f1e61a4e202a0  crates/kontor-store/src/repository.rs
restoration: byte-identical to baseline a088e037c083b2e6c2c2ddff670df4ea2d918371
