=== mutant M-P11a-no-occupancy-fence ===
baseline commit : a088e037c083b2e6c2c2ddff670df4ea2d918371
baseline tree   : 9a8114d00b87a90270bddde5aa37683c1a91f912
command         : cargo test -p kontor-store --test hosted_seat_autonomy -- a_reused_native_id_in_a_later_occupancy_cannot_complete_an_older_succession
toolchain       : rustc 1.97.1 (8bab26f4f 2026-07-14)
platform        : Darwin 25.6.0 arm64
--- preimage sha256 (files this mutant touches, at baseline) ---
6a63c5dc587f3ef188a528d654dbe025e8d5432215089525074f1e61a4e202a0  crates/kontor-store/src/repository.rs
--- mutated sha256 ---
82b67ed7022818612b6b9c7a556d36d992665b936c52436dda702c4cab8bc402  crates/kontor-store/src/repository.rs
--- raw output ---
   Compiling kontor-store v0.2.1 (/Users/igor/carasent/asma-modules/.worktrees/feat/ASMA-8187-repair-admin-preview-apply-stale-native-core-team-succession/_tools/asma-rs-kontor/crates/kontor-store)
    Finished `test` profile [unoptimized + debuginfo] target(s) in 14.86s
     Running tests/hosted_seat_autonomy.rs (target/debug/deps/hosted_seat_autonomy-37350dd3fcfb6d32)

running 1 test
test a_reused_native_id_in_a_later_occupancy_cannot_complete_an_older_succession ... FAILED

failures:

---- a_reused_native_id_in_a_later_occupancy_cannot_complete_an_older_succession stdout ----

thread 'a_reused_native_id_in_a_later_occupancy_cannot_complete_an_older_succession' (82544401) panicked at crates/kontor-store/tests/hosted_seat_autonomy.rs:1963:5:
the refusal was not the occupancy fence: Conflict { subject: "core team route succession", rule: "the succession's trailing effects are not both proved against its successor" }
note: run with `RUST_BACKTRACE=1` environment variable to display a backtrace


failures:
    a_reused_native_id_in_a_later_occupancy_cannot_complete_an_older_succession

test result: FAILED. 0 passed; 1 failed; 0 ignored; 0 measured; 28 filtered out; finished in 1.80s

error: test failed, to rerun pass `-p kontor-store --test hosted_seat_autonomy`
--- exit status: 101 (non-zero = mutant killed) ---
--- restored sha256 ---
6a63c5dc587f3ef188a528d654dbe025e8d5432215089525074f1e61a4e202a0  crates/kontor-store/src/repository.rs
restoration: byte-identical to baseline a088e037c083b2e6c2c2ddff670df4ea2d918371
