=== mutant M-P12b-foreign-document-unscanned ===
baseline commit : a088e037c083b2e6c2c2ddff670df4ea2d918371
baseline tree   : 9a8114d00b87a90270bddde5aa37683c1a91f912
command         : cargo test -p kontor-store --test hosted_seat_autonomy -- a_foreign_document_carrying_a_seat_bearer_is_refused_before_any_write
toolchain       : rustc 1.97.1 (8bab26f4f 2026-07-14)
platform        : Darwin 25.6.0 arm64
--- preimage sha256 (files this mutant touches, at baseline) ---
3aa98a0aec4261383d9ba7a570d9b7cfab4834b10e21a25f6ba1139619bc2479  crates/kontor-store/src/backup/export.rs
--- mutated sha256 ---
0e39457b55ad9ddae681f9ea63e3eacb9f26142d1f45909bffeeec0f703fa287  crates/kontor-store/src/backup/export.rs
--- raw output ---
   Compiling kontor-core v0.2.1 (/Users/igor/carasent/asma-modules/.worktrees/feat/ASMA-8187-repair-admin-preview-apply-stale-native-core-team-succession/_tools/asma-rs-kontor/crates/kontor-core)
   Compiling kontor-runtime v0.2.1 (/Users/igor/carasent/asma-modules/.worktrees/feat/ASMA-8187-repair-admin-preview-apply-stale-native-core-team-succession/_tools/asma-rs-kontor/crates/kontor-runtime)
   Compiling kontor-policy v0.2.1 (/Users/igor/carasent/asma-modules/.worktrees/feat/ASMA-8187-repair-admin-preview-apply-stale-native-core-team-succession/_tools/asma-rs-kontor/crates/kontor-policy)
   Compiling kontor-context v0.2.1 (/Users/igor/carasent/asma-modules/.worktrees/feat/ASMA-8187-repair-admin-preview-apply-stale-native-core-team-succession/_tools/asma-rs-kontor/crates/kontor-context)
   Compiling kontor-teams v0.2.1 (/Users/igor/carasent/asma-modules/.worktrees/feat/ASMA-8187-repair-admin-preview-apply-stale-native-core-team-succession/_tools/asma-rs-kontor/crates/kontor-teams)
   Compiling kontor-scheduler v0.2.1 (/Users/igor/carasent/asma-modules/.worktrees/feat/ASMA-8187-repair-admin-preview-apply-stale-native-core-team-succession/_tools/asma-rs-kontor/crates/kontor-scheduler)
   Compiling kontor-profiles v0.2.1 (/Users/igor/carasent/asma-modules/.worktrees/feat/ASMA-8187-repair-admin-preview-apply-stale-native-core-team-succession/_tools/asma-rs-kontor/crates/kontor-profiles)
   Compiling kontor-calendar v0.2.1 (/Users/igor/carasent/asma-modules/.worktrees/feat/ASMA-8187-repair-admin-preview-apply-stale-native-core-team-succession/_tools/asma-rs-kontor/crates/kontor-calendar)
   Compiling kontor-store v0.2.1 (/Users/igor/carasent/asma-modules/.worktrees/feat/ASMA-8187-repair-admin-preview-apply-stale-native-core-team-succession/_tools/asma-rs-kontor/crates/kontor-store)
    Finished `test` profile [unoptimized + debuginfo] target(s) in 15.10s
     Running tests/hosted_seat_autonomy.rs (target/debug/deps/hosted_seat_autonomy-37350dd3fcfb6d32)

running 1 test
test a_foreign_document_carrying_a_seat_bearer_is_refused_before_any_write ... FAILED

failures:

---- a_foreign_document_carrying_a_seat_bearer_is_refused_before_any_write stdout ----

thread 'a_foreign_document_carrying_a_seat_bearer_is_refused_before_any_write' (82562953) panicked at crates/kontor-store/tests/hosted_seat_autonomy.rs:2277:6:
a document carrying a seat bearer was imported: ImportReport { import_id: 01a0eca6-9468-7a61-ad52-63982d0e6973, source_realm_id: RealmId(01a0eca6-8620-7aa2-8e1e-7fff90d6bfa9), destination_project: ProjectId(01a0eca6-9464-7aa1-bb9a-fca5df82f207), record_count: 18, materialized: 0, already_present: 0, recorded: 18, refused: 0, reconciliation_required: true }
note: run with `RUST_BACKTRACE=1` environment variable to display a backtrace


failures:
    a_foreign_document_carrying_a_seat_bearer_is_refused_before_any_write

test result: FAILED. 0 passed; 1 failed; 0 ignored; 0 measured; 28 filtered out; finished in 3.66s

error: test failed, to rerun pass `-p kontor-store --test hosted_seat_autonomy`
--- exit status: 101 (non-zero = mutant killed) ---
--- restored sha256 ---
3aa98a0aec4261383d9ba7a570d9b7cfab4834b10e21a25f6ba1139619bc2479  crates/kontor-store/src/backup/export.rs
restoration: byte-identical to baseline a088e037c083b2e6c2c2ddff670df4ea2d918371
