=== mutant M-P22a-any-receipt-will-do ===
baseline commit : a088e037c083b2e6c2c2ddff670df4ea2d918371
baseline tree   : 9a8114d00b87a90270bddde5aa37683c1a91f912
command         : cargo test -p kontor-store --test hosted_seat_autonomy -- a_succession_cannot_bind_a_receipt_recorded_for_another_command
toolchain       : rustc 1.97.1 (8bab26f4f 2026-07-14)
platform        : Darwin 25.6.0 arm64
--- preimage sha256 (files this mutant touches, at baseline) ---
6a63c5dc587f3ef188a528d654dbe025e8d5432215089525074f1e61a4e202a0  crates/kontor-store/src/repository.rs
--- mutated sha256 ---
9c651b5a2b92e9734c8fa06f0bf159acfe37d589c9aa0d9f2ab826d2bb0213d6  crates/kontor-store/src/repository.rs
--- raw output ---
   Compiling kontor-core v0.2.1 (/Users/igor/carasent/asma-modules/.worktrees/feat/ASMA-8187-repair-admin-preview-apply-stale-native-core-team-succession/_tools/asma-rs-kontor/crates/kontor-core)
   Compiling kontor-runtime v0.2.1 (/Users/igor/carasent/asma-modules/.worktrees/feat/ASMA-8187-repair-admin-preview-apply-stale-native-core-team-succession/_tools/asma-rs-kontor/crates/kontor-runtime)
   Compiling kontor-policy v0.2.1 (/Users/igor/carasent/asma-modules/.worktrees/feat/ASMA-8187-repair-admin-preview-apply-stale-native-core-team-succession/_tools/asma-rs-kontor/crates/kontor-policy)
   Compiling kontor-context v0.2.1 (/Users/igor/carasent/asma-modules/.worktrees/feat/ASMA-8187-repair-admin-preview-apply-stale-native-core-team-succession/_tools/asma-rs-kontor/crates/kontor-context)
   Compiling kontor-scheduler v0.2.1 (/Users/igor/carasent/asma-modules/.worktrees/feat/ASMA-8187-repair-admin-preview-apply-stale-native-core-team-succession/_tools/asma-rs-kontor/crates/kontor-scheduler)
   Compiling kontor-teams v0.2.1 (/Users/igor/carasent/asma-modules/.worktrees/feat/ASMA-8187-repair-admin-preview-apply-stale-native-core-team-succession/_tools/asma-rs-kontor/crates/kontor-teams)
   Compiling kontor-profiles v0.2.1 (/Users/igor/carasent/asma-modules/.worktrees/feat/ASMA-8187-repair-admin-preview-apply-stale-native-core-team-succession/_tools/asma-rs-kontor/crates/kontor-profiles)
   Compiling kontor-calendar v0.2.1 (/Users/igor/carasent/asma-modules/.worktrees/feat/ASMA-8187-repair-admin-preview-apply-stale-native-core-team-succession/_tools/asma-rs-kontor/crates/kontor-calendar)
   Compiling kontor-store v0.2.1 (/Users/igor/carasent/asma-modules/.worktrees/feat/ASMA-8187-repair-admin-preview-apply-stale-native-core-team-succession/_tools/asma-rs-kontor/crates/kontor-store)
    Finished `test` profile [unoptimized + debuginfo] target(s) in 16.88s
     Running tests/hosted_seat_autonomy.rs (target/debug/deps/hosted_seat_autonomy-37350dd3fcfb6d32)

running 1 test
test a_succession_cannot_bind_a_receipt_recorded_for_another_command ... FAILED

failures:

---- a_succession_cannot_bind_a_receipt_recorded_for_another_command stdout ----

thread 'a_succession_cannot_bind_a_receipt_recorded_for_another_command' (82572286) panicked at crates/kontor-store/tests/hosted_seat_autonomy.rs:2496:10:
a succession bound another command's receipt: Updated
note: run with `RUST_BACKTRACE=1` environment variable to display a backtrace


failures:
    a_succession_cannot_bind_a_receipt_recorded_for_another_command

test result: FAILED. 0 passed; 1 failed; 0 ignored; 0 measured; 28 filtered out; finished in 1.73s

error: test failed, to rerun pass `-p kontor-store --test hosted_seat_autonomy`
--- exit status: 101 (non-zero = mutant killed) ---
--- restored sha256 ---
6a63c5dc587f3ef188a528d654dbe025e8d5432215089525074f1e61a4e202a0  crates/kontor-store/src/repository.rs
restoration: byte-identical to baseline a088e037c083b2e6c2c2ddff670df4ea2d918371
