=== mutant M-P24-readback-unbound-from-transition-b236eda7 (corrected baseline) ===
baseline commit   : b236eda75b6d95f96442ad37224030d7de753195
mutated file      : crates/kontor-store/src/repository.rs
snapshot sha256   : 6af69a55ec0140e3240281d02d296c5afbfd858dcf7871f65fed349b73b71349
mutated  sha256   : 620628feb67e4827f9c96824a4072235d6048b28da49a89269b4f86b3723b072
patch             : M-P24-readback-unbound-from-transition-b236eda7.patch (mutation-only, 24 lines)
  git apply --check: accepted
  patch --dry-run  : patching file 'crates/kontor-store/src/repository.rs'
test command      : cargo test -p kontor-store --test hosted_seat_autonomy -- every_readback_field_is_bound_to_the_transition_it_commits
reproduce (exact) : LIMIT=600 docs/evidence/ASMA-8187/mutants/harness/mutate.sh M-P24-readback-unbound-from-transition-b236eda7 docs/evidence/ASMA-8187/mutants/harness/m_p24.py crates/kontor-store/src/repository.rs test -p kontor-store --test hosted_seat_autonomy -- every_readback_field_is_bound_to_the_transition_it_commits
limiter           : this harness bounds the run at 600s wall clock and
                    reports 124 = timeout, inconclusive, never a kill.
toolchain         : rustc 1.97.1 (8bab26f4f 2026-07-14)
platform          : Darwin 25.6.0 arm64
--- raw output ---
   Compiling kontor-store v0.2.1 (/Users/igor/carasent/asma-modules/.worktrees/feat/ASMA-8187-repair-admin-preview-apply-stale-native-core-team-succession/_tools/asma-rs-kontor/crates/kontor-store)
    Finished `test` profile [unoptimized + debuginfo] target(s) in 12.99s
     Running tests/hosted_seat_autonomy.rs (target/debug/deps/hosted_seat_autonomy-0318a31a1a362321)

running 1 test
test every_readback_field_is_bound_to_the_transition_it_commits ... FAILED

failures:

---- every_readback_field_is_bound_to_the_transition_it_commits stdout ----

thread 'every_readback_field_is_bound_to_the_transition_it_commits' (26987532) panicked at crates/kontor-store/tests/hosted_seat_autonomy.rs:3112:14:
called `Result::unwrap_err()` on an `Ok` value: Updated
note: run with `RUST_BACKTRACE=1` environment variable to display a backtrace


failures:
    every_readback_field_is_bound_to_the_transition_it_commits

test result: FAILED. 0 passed; 1 failed; 0 ignored; 0 measured; 34 filtered out; finished in 1.80s

error: test failed, to rerun pass `-p kontor-store --test hosted_seat_autonomy`
--- exit status: 101 (non-zero = killed; 124 = timeout, inconclusive) ---
restored sha256   : 6af69a55ec0140e3240281d02d296c5afbfd858dcf7871f65fed349b73b71349
restoration       : byte-identical to the named snapshot
MUTANT markers    : 0
