=== mutant M-P25-unchanged-answers-before-proof (joined baseline) ===
baseline commit : 7646bcd9ad1b2c0113f60b1a383a0a74def996db
baseline tree   : 1d7c94d44316c4f4a3c797cf5928249ff3e95514
command         : cargo test -p kontor-store --test hosted_seat_autonomy -- a_replayed_binding_is_proved_before_it_answers_unchanged
toolchain       : rustc 1.97.1 (8bab26f4f 2026-07-14)
platform        : Darwin 25.6.0 arm64
--- preimage sha256 ---
6af69a55ec0140e3240281d02d296c5afbfd858dcf7871f65fed349b73b71349  crates/kontor-store/src/repository.rs
--- mutated sha256 ---
355726a22d518aed81106ffe2a4c9439ee9e70462aaefa85d4ee51fc81b4c6a8  crates/kontor-store/src/repository.rs
--- raw output ---
   Compiling kontor-store v0.2.1 (/Users/igor/carasent/asma-modules/.worktrees/feat/ASMA-8187-repair-admin-preview-apply-stale-native-core-team-succession/_tools/asma-rs-kontor/crates/kontor-store)
    Finished `test` profile [unoptimized + debuginfo] target(s) in 12.44s
     Running tests/hosted_seat_autonomy.rs (target/debug/deps/hosted_seat_autonomy-37350dd3fcfb6d32)

running 1 test
test a_replayed_binding_is_proved_before_it_answers_unchanged ... FAILED

failures:

---- a_replayed_binding_is_proved_before_it_answers_unchanged stdout ----

thread 'a_replayed_binding_is_proved_before_it_answers_unchanged' (17439680) panicked at crates/kontor-store/tests/hosted_seat_autonomy.rs:3196:10:
a replay confirmed a binding nobody had proved: Unchanged
note: run with `RUST_BACKTRACE=1` environment variable to display a backtrace


failures:
    a_replayed_binding_is_proved_before_it_answers_unchanged

test result: FAILED. 0 passed; 1 failed; 0 ignored; 0 measured; 34 filtered out; finished in 1.74s

error: test failed, to rerun pass `-p kontor-store --test hosted_seat_autonomy`
--- exit status: 101 (non-zero = killed) ---
--- restored sha256 ---
6af69a55ec0140e3240281d02d296c5afbfd858dcf7871f65fed349b73b71349  crates/kontor-store/src/repository.rs
restoration: byte-identical to baseline 7646bcd9ad1b2c0113f60b1a383a0a74def996db
