=== mutant M-P22b-receipt-not-unique-nor-frozen ===
baseline commit : a088e037c083b2e6c2c2ddff670df4ea2d918371
baseline tree   : 9a8114d00b87a90270bddde5aa37683c1a91f912
command         : cargo test -p kontor-store --test hosted_seat_autonomy -- a_succession_cannot_bind_a_receipt_recorded_for_another_command
toolchain       : rustc 1.97.1 (8bab26f4f 2026-07-14)
platform        : Darwin 25.6.0 arm64
--- preimage sha256 (files this mutant touches, at baseline) ---
9f8616fa2a784780a0b58d308f0986a256c76d341652bed0a064075afc0fb1b3  crates/kontor-store/migrations/0122_core_team_route_succession_receipt_identity.sql
--- mutated sha256 ---
0ad525e87df8734963c748634f3d44e42b6db00f1e732fdd9cc4717c022321b9  crates/kontor-store/migrations/0122_core_team_route_succession_receipt_identity.sql
--- raw output ---
   Compiling kontor-store v0.2.1 (/Users/igor/carasent/asma-modules/.worktrees/feat/ASMA-8187-repair-admin-preview-apply-stale-native-core-team-succession/_tools/asma-rs-kontor/crates/kontor-store)
    Finished `test` profile [unoptimized + debuginfo] target(s) in 12.30s
     Running tests/hosted_seat_autonomy.rs (target/debug/deps/hosted_seat_autonomy-37350dd3fcfb6d32)

running 1 test
test a_succession_cannot_bind_a_receipt_recorded_for_another_command ... FAILED

failures:

---- a_succession_cannot_bind_a_receipt_recorded_for_another_command stdout ----

thread 'a_succession_cannot_bind_a_receipt_recorded_for_another_command' (82573055) panicked at crates/kontor-store/tests/hosted_seat_autonomy.rs:2531:5:
the instant a succession completed was rewritten
note: run with `RUST_BACKTRACE=1` environment variable to display a backtrace


failures:
    a_succession_cannot_bind_a_receipt_recorded_for_another_command

test result: FAILED. 0 passed; 1 failed; 0 ignored; 0 measured; 28 filtered out; finished in 1.74s

error: test failed, to rerun pass `-p kontor-store --test hosted_seat_autonomy`
--- exit status: 101 (non-zero = mutant killed) ---
--- restored sha256 ---
9f8616fa2a784780a0b58d308f0986a256c76d341652bed0a064075afc0fb1b3  crates/kontor-store/migrations/0122_core_team_route_succession_receipt_identity.sql
restoration: byte-identical to baseline a088e037c083b2e6c2c2ddff670df4ea2d918371
