=== mutant M-P21b-grant-digest-taken-on-trust ===
baseline commit : a088e037c083b2e6c2c2ddff670df4ea2d918371
baseline tree   : 9a8114d00b87a90270bddde5aa37683c1a91f912
command         : cargo test -p kontor-store --test hosted_seat_autonomy -- a_readback_whose_derived_or_redundant_values_are_wrong_is_refused
toolchain       : rustc 1.97.1 (8bab26f4f 2026-07-14)
platform        : Darwin 25.6.0 arm64
--- preimage sha256 (files this mutant touches, at baseline) ---
3765188e44768a9160e54238954d74e3d53f50f3e29d2acb1f1d1d8cc21e73b1  crates/kontor-core/src/repository.rs
--- mutated sha256 ---
b683bd6fef4dda5d0a7d03801202c258f99d44705d7bd06c4f3a2b88883c5b56  crates/kontor-core/src/repository.rs
--- raw output ---
   Compiling kontor-core v0.2.1 (/Users/igor/carasent/asma-modules/.worktrees/feat/ASMA-8187-repair-admin-preview-apply-stale-native-core-team-succession/_tools/asma-rs-kontor/crates/kontor-core)
   Compiling kontor-runtime v0.2.1 (/Users/igor/carasent/asma-modules/.worktrees/feat/ASMA-8187-repair-admin-preview-apply-stale-native-core-team-succession/_tools/asma-rs-kontor/crates/kontor-runtime)
   Compiling kontor-context v0.2.1 (/Users/igor/carasent/asma-modules/.worktrees/feat/ASMA-8187-repair-admin-preview-apply-stale-native-core-team-succession/_tools/asma-rs-kontor/crates/kontor-context)
   Compiling kontor-policy v0.2.1 (/Users/igor/carasent/asma-modules/.worktrees/feat/ASMA-8187-repair-admin-preview-apply-stale-native-core-team-succession/_tools/asma-rs-kontor/crates/kontor-policy)
   Compiling kontor-teams v0.2.1 (/Users/igor/carasent/asma-modules/.worktrees/feat/ASMA-8187-repair-admin-preview-apply-stale-native-core-team-succession/_tools/asma-rs-kontor/crates/kontor-teams)
   Compiling kontor-scheduler v0.2.1 (/Users/igor/carasent/asma-modules/.worktrees/feat/ASMA-8187-repair-admin-preview-apply-stale-native-core-team-succession/_tools/asma-rs-kontor/crates/kontor-scheduler)
   Compiling kontor-profiles v0.2.1 (/Users/igor/carasent/asma-modules/.worktrees/feat/ASMA-8187-repair-admin-preview-apply-stale-native-core-team-succession/_tools/asma-rs-kontor/crates/kontor-profiles)
   Compiling kontor-calendar v0.2.1 (/Users/igor/carasent/asma-modules/.worktrees/feat/ASMA-8187-repair-admin-preview-apply-stale-native-core-team-succession/_tools/asma-rs-kontor/crates/kontor-calendar)
   Compiling kontor-store v0.2.1 (/Users/igor/carasent/asma-modules/.worktrees/feat/ASMA-8187-repair-admin-preview-apply-stale-native-core-team-succession/_tools/asma-rs-kontor/crates/kontor-store)
    Finished `test` profile [unoptimized + debuginfo] target(s) in 25.91s
     Running tests/hosted_seat_autonomy.rs (target/debug/deps/hosted_seat_autonomy-37350dd3fcfb6d32)

running 1 test
test a_readback_whose_derived_or_redundant_values_are_wrong_is_refused ... FAILED

failures:

---- a_readback_whose_derived_or_redundant_values_are_wrong_is_refused stdout ----

thread 'a_readback_whose_derived_or_redundant_values_are_wrong_is_refused' (82570737) panicked at crates/kontor-store/tests/hosted_seat_autonomy.rs:2676:10:
a fabricated grant-subject digest was persisted: Updated
note: run with `RUST_BACKTRACE=1` environment variable to display a backtrace


failures:
    a_readback_whose_derived_or_redundant_values_are_wrong_is_refused

test result: FAILED. 0 passed; 1 failed; 0 ignored; 0 measured; 28 filtered out; finished in 1.74s

error: test failed, to rerun pass `-p kontor-store --test hosted_seat_autonomy`
--- exit status: 101 (non-zero = mutant killed) ---
--- restored sha256 ---
3765188e44768a9160e54238954d74e3d53f50f3e29d2acb1f1d1d8cc21e73b1  crates/kontor-core/src/repository.rs
restoration: byte-identical to baseline a088e037c083b2e6c2c2ddff670df4ea2d918371
