=== mutant M-P22b1-receipt-not-unique-b236eda7 (corrected baseline) ===
baseline commit   : b236eda75b6d95f96442ad37224030d7de753195
mutated file      : crates/kontor-store/migrations/0122_core_team_route_succession_receipt_identity.sql
snapshot sha256   : 37d120e727c4f98ee5477e5fe62ab9f8dc45c060f97970307722bdddb1d11043
mutated  sha256   : 4d4681bb0d5c3803c88fe9695cc671423d758d3f55ec17d31fb3f9e2aeccd36b
patch             : M-P22b1-receipt-not-unique-b236eda7.patch (mutation-only, 12 lines)
  git apply --check: accepted
  patch --dry-run  : patching file 'crates/kontor-store/migrations/0122_core_team_route_succession_receipt_identity.sql'
test command      : cargo test -p kontor-store --test hosted_seat_autonomy -- one_receipt_cannot_be_bound_to_two_successions
reproduce (exact) : LIMIT=600 docs/evidence/ASMA-8187/mutants/harness/mutate.sh M-P22b1-receipt-not-unique-b236eda7 docs/evidence/ASMA-8187/mutants/harness/m_p22b1.py crates/kontor-store/migrations/0122_core_team_route_succession_receipt_identity.sql test -p kontor-store --test hosted_seat_autonomy -- one_receipt_cannot_be_bound_to_two_successions
limiter           : this harness bounds the run at 600s wall clock and
                    reports 124 = timeout, inconclusive, never a kill.
toolchain         : rustc 1.97.1 (8bab26f4f 2026-07-14)
platform          : Darwin 25.6.0 arm64
--- raw output ---
   Compiling kontor-store v0.2.1 (/Users/igor/carasent/asma-modules/.worktrees/feat/ASMA-8187-repair-admin-preview-apply-stale-native-core-team-succession/_tools/asma-rs-kontor/crates/kontor-store)
    Finished `test` profile [unoptimized + debuginfo] target(s) in 2.00s
     Running tests/hosted_seat_autonomy.rs (target/debug/deps/hosted_seat_autonomy-0318a31a1a362321)

running 1 test
test one_receipt_cannot_be_bound_to_two_successions ... FAILED

failures:

---- one_receipt_cannot_be_bound_to_two_successions stdout ----

thread 'one_receipt_cannot_be_bound_to_two_successions' (26982201) panicked at crates/kontor-store/tests/hosted_seat_autonomy.rs:2558:5:
one receipt was bound to two successions
note: run with `RUST_BACKTRACE=1` environment variable to display a backtrace


failures:
    one_receipt_cannot_be_bound_to_two_successions

test result: FAILED. 0 passed; 1 failed; 0 ignored; 0 measured; 34 filtered out; finished in 1.87s

error: test failed, to rerun pass `-p kontor-store --test hosted_seat_autonomy`
--- exit status: 101 (non-zero = killed; 124 = timeout, inconclusive) ---
restored sha256   : 37d120e727c4f98ee5477e5fe62ab9f8dc45c060f97970307722bdddb1d11043
restoration       : byte-identical to the named snapshot
MUTANT markers    : 0
