=== mutant M-P23-upgrade-assumes-coherent-bindings (corrected baseline) ===
source state at   : 8910ebc603b5d013861d0793c6f8384f75eaca9d
identity note     : the snapshot below is what was mutated. The commit by
                    which that state is reached is 8910ebc603b5d013861d0793c6f8384f75eaca9d. An earlier
                    revision of this log named 5e00a238, which was HEAD when
                    the harness read it but whose applications.rs is
                    4e04205f... -- not the file these runs mutated.
mutated file      : crates/kontor-store/migrations/0122_core_team_route_succession_receipt_identity.sql
snapshot sha256   : 37d120e727c4f98ee5477e5fe62ab9f8dc45c060f97970307722bdddb1d11043
mutated  sha256   : 3523aa684b8353ffd49884a4bc090b8145f7e2c3df38f5e734996344af36be01
patch             : M-P23-upgrade-assumes-coherent-bindings.patch (mutation-only, 32 lines)
  git apply --check: accepted
  patch --dry-run  : patching file 'crates/kontor-store/migrations/0122_core_team_route_succession_receipt_identity.sql'
command           : cargo test -p kontor-store --test hosted_seat_autonomy -- a_mismatched_historical_binding_stops_the_upgrade_at_0122   (hard limit 420s)
toolchain         : rustc 1.97.1 (8bab26f4f 2026-07-14)
platform          : Darwin 25.6.0 arm64
--- raw output ---
   Compiling kontor-store v0.2.1 (/Users/igor/carasent/asma-modules/.worktrees/feat/ASMA-8187-repair-admin-preview-apply-stale-native-core-team-succession/_tools/asma-rs-kontor/crates/kontor-store)
    Finished `test` profile [unoptimized + debuginfo] target(s) in 12.38s
     Running tests/hosted_seat_autonomy.rs (target/debug/deps/hosted_seat_autonomy-0318a31a1a362321)

running 1 test
test a_mismatched_historical_binding_stops_the_upgrade_at_0122 ... FAILED

failures:

---- a_mismatched_historical_binding_stops_the_upgrade_at_0122 stdout ----

thread 'a_mismatched_historical_binding_stops_the_upgrade_at_0122' (23786984) panicked at crates/kontor-store/tests/hosted_seat_autonomy.rs:2934:5:
a realm carrying a binding this generation cannot vouch for was opened anyway
note: run with `RUST_BACKTRACE=1` environment variable to display a backtrace


failures:
    a_mismatched_historical_binding_stops_the_upgrade_at_0122

test result: FAILED. 0 passed; 1 failed; 0 ignored; 0 measured; 34 filtered out; finished in 1.84s

error: test failed, to rerun pass `-p kontor-store --test hosted_seat_autonomy`
--- exit status: 101 (non-zero = killed; 124 = timeout, inconclusive) ---
restored sha256   : 37d120e727c4f98ee5477e5fe62ab9f8dc45c060f97970307722bdddb1d11043
restoration       : byte-identical to the named snapshot
MUTANT markers    : 0
