=== mutant M-P24-readback-unbound-from-transition (joined baseline) ===
baseline commit : 7646bcd9ad1b2c0113f60b1a383a0a74def996db
baseline tree   : 1d7c94d44316c4f4a3c797cf5928249ff3e95514
command         : cargo test -p kontor-store --test hosted_seat_autonomy -- every_readback_field_is_bound_to_the_transition_it_commits
toolchain       : rustc 1.97.1 (8bab26f4f 2026-07-14)
platform        : Darwin 25.6.0 arm64
--- preimage sha256 ---
6af69a55ec0140e3240281d02d296c5afbfd858dcf7871f65fed349b73b71349  crates/kontor-store/src/repository.rs
--- mutated sha256 ---
620628feb67e4827f9c96824a4072235d6048b28da49a89269b4f86b3723b072  crates/kontor-store/src/repository.rs
--- raw output ---
   Compiling kontor-store v0.2.1 (/Users/igor/carasent/asma-modules/.worktrees/feat/ASMA-8187-repair-admin-preview-apply-stale-native-core-team-succession/_tools/asma-rs-kontor/crates/kontor-store)
    Finished `test` profile [unoptimized + debuginfo] target(s) in 13.12s
     Running tests/hosted_seat_autonomy.rs (target/debug/deps/hosted_seat_autonomy-37350dd3fcfb6d32)

running 1 test
test every_readback_field_is_bound_to_the_transition_it_commits ... FAILED

failures:

---- every_readback_field_is_bound_to_the_transition_it_commits stdout ----

thread 'every_readback_field_is_bound_to_the_transition_it_commits' (17438125) panicked at crates/kontor-store/tests/hosted_seat_autonomy.rs:3112:14:
called `Result::unwrap_err()` on an `Ok` value: Updated
note: run with `RUST_BACKTRACE=1` environment variable to display a backtrace


failures:
    every_readback_field_is_bound_to_the_transition_it_commits

test result: FAILED. 0 passed; 1 failed; 0 ignored; 0 measured; 34 filtered out; finished in 1.73s

error: test failed, to rerun pass `-p kontor-store --test hosted_seat_autonomy`
--- exit status: 101 (non-zero = killed) ---
--- restored sha256 ---
6af69a55ec0140e3240281d02d296c5afbfd858dcf7871f65fed349b73b71349  crates/kontor-store/src/repository.rs
restoration: byte-identical to baseline 7646bcd9ad1b2c0113f60b1a383a0a74def996db
