   Compiling proc-macro2 v1.0.107
   Compiling quote v1.0.47
   Compiling unicode-ident v1.0.26
   Compiling syn v3.0.6
   Compiling libc v0.2.189
   Compiling memchr v2.8.3
   Compiling synstructure v0.14.0
   Compiling zerofrom-derive v0.1.8
   Compiling zerofrom v0.1.8
   Compiling yoke-derive v0.8.4
   Compiling stable_deref_trait v1.2.1
   Compiling itoa v1.0.18
   Compiling yoke v0.8.3
   Compiling zerovec-derive v0.11.6
   Compiling serde_core v1.0.229
   Compiling zerovec v0.11.8
   Compiling displaydoc v0.2.7
   Compiling cfg-if v1.0.5
   Compiling pin-project-lite v0.2.17
   Compiling jobserver v0.1.35
   Compiling find-msvc-tools v0.1.12
   Compiling shlex v2.0.1
   Compiling cc v1.4.6
   Compiling bytes v1.12.1
   Compiling tinystr v0.8.4
   Compiling pkg-config v0.3.34
   Compiling litemap v0.8.3
   Compiling futures-core v0.3.34
   Compiling writeable v0.6.4
   Compiling icu_locale_core v2.3.0
   Compiling zerotrie v0.2.5
   Compiling potential_utf v0.1.6
   Compiling syn v2.0.119
   Compiling icu_normalizer_data v2.3.0
   Compiling utf8_iter v1.0.4
   Compiling log v0.4.34
   Compiling typenum v1.20.1
   Compiling hybrid-array v0.4.15
   Compiling icu_collections v2.3.0
   Compiling icu_provider v2.3.1
   Compiling icu_properties_data v2.3.0
   Compiling errno v0.3.14
   Compiling zmij v1.0.23
   Compiling once_cell v1.21.4
   Compiling serde v1.0.229
   Compiling signal-hook-registry v1.4.8
   Compiling crypto-common v0.2.2
   Compiling block-buffer v0.12.1
   Compiling cmake v0.1.58
   Compiling mio v1.2.3
   Compiling socket2 v0.6.5
   Compiling tokio-macros v2.7.2
   Compiling serde_derive v1.0.229
   Compiling serde_json v1.0.151
   Compiling fs_extra v1.3.0
   Compiling dunce v1.0.5
   Compiling const-oid v0.10.2
   Compiling futures-sink v0.3.34
   Compiling digest v0.11.3
   Compiling aws-lc-sys v0.45.0
   Compiling tokio v1.53.1
   Compiling icu_properties v2.3.0
   Compiling cpufeatures v0.3.1
   Compiling smallvec v1.16.1
   Compiling sha2 v0.11.0
   Compiling futures-channel v0.3.34
   Compiling http v1.5.0
   Compiling getrandom v0.4.3
   Compiling http-body v1.1.0
   Compiling tracing-core v0.1.36
   Compiling tracing-attributes v0.1.31
   Compiling futures-macro v0.3.34
   Compiling futures-task v0.3.34
   Compiling futures-io v0.3.34
   Compiling aws-lc-rs v1.18.1
   Compiling percent-encoding v2.3.2
   Compiling slab v0.4.12
   Compiling zeroize v1.9.0
   Compiling futures-util v0.3.34
   Compiling tracing v0.1.44
   Compiling tower-service v0.3.3
   Compiling thiserror v2.0.20
   Compiling core-foundation-sys v0.8.7
   Compiling uuid v1.24.0
   Compiling thiserror-impl v2.0.20
   Compiling jiff-tzdb v0.1.8
   Compiling httparse v1.10.1
   Compiling jiff-core v0.1.1
   Compiling jiff v0.2.35
   Compiling rustls-pki-types v1.15.1
   Compiling try-lock v0.2.5
   Compiling hex v0.4.3
   Compiling untrusted v0.9.0
   Compiling tower-layer v0.3.3
   Compiling rustls v0.23.45
   Compiling bitflags v2.13.2
   Compiling rustls-webpki v0.103.15
   Compiling kontor-core v0.2.1 (/Users/igor/.paseo/worktrees/0n8yzbno/feat-asma-8155-kontor-experience-memory-and/crates/kontor-core)
   Compiling want v0.3.1
   Compiling form_urlencoded v1.2.2
   Compiling icu_normalizer v2.3.0
   Compiling sync_wrapper v1.0.2
   Compiling base64 v0.22.1
   Compiling atomic-waker v1.1.2
   Compiling foldhash v0.2.0
   Compiling autocfg v1.5.1
   Compiling httpdate v1.0.3
   Compiling subtle v2.6.1
   Compiling equivalent v1.0.2
   Compiling crc32fast v1.5.2
   Compiling hyper v1.11.1
   Compiling num-traits v0.2.19
   Compiling hashbrown v0.17.1
   Compiling idna_adapter v1.2.2
   Compiling unicase v2.9.0
   Compiling mime v0.3.17
   Compiling ipnet v2.12.2
   Compiling hyper-util v0.1.20
   Compiling mime_guess v2.0.5
   Compiling idna v1.1.0
   Compiling tower v0.5.3
   Compiling security-framework-sys v2.17.0
   Compiling core-foundation v0.10.1
   Compiling http-body-util v0.1.5
   Compiling nom v8.0.0
   Compiling aho-corasick v1.1.5
   Compiling async-trait v0.1.92
   Compiling vcpkg v0.2.15
   Compiling bumpalo v3.20.3
   Compiling simd-adler32 v0.3.10
   Compiling same-file v1.0.6
   Compiling zlib-rs v0.6.8
   Compiling regex-syntax v0.8.11
   Compiling indexmap v2.14.2
   Compiling regex-automata v0.4.18
   Compiling flate2 v1.1.10
   Compiling walkdir v2.5.0
   Compiling zopfli v0.8.3
   Compiling libsqlite3-sys v0.38.2
   Compiling kontor-runtime v0.2.1 (/Users/igor/.paseo/worktrees/0n8yzbno/feat-asma-8155-kontor-experience-memory-and/crates/kontor-runtime)
   Compiling security-framework v3.7.0
   Compiling url v2.5.8
   Compiling tokio-rustls v0.26.5
   Compiling iana-time-zone v0.1.65
   Compiling chrono v0.4.45
   Compiling hyper-rustls v0.27.9
   Compiling tower-http v0.6.11
   Compiling rustls-platform-verifier v0.7.0
   Compiling zip v3.0.0
   Compiling rust-embed-utils v8.12.0
   Compiling regex v1.13.1
   Compiling iso8601 v0.6.6
   Compiling nom-language v0.1.0
   Compiling kontor-policy v0.2.1 (/Users/igor/.paseo/worktrees/0n8yzbno/feat-asma-8155-kontor-experience-memory-and/crates/kontor-policy)
   Compiling tokio-util v0.7.19
   Compiling reqwest v0.13.4
   Compiling kontor-scheduler v0.2.1 (/Users/igor/.paseo/worktrees/0n8yzbno/feat-asma-8155-kontor-experience-memory-and/crates/kontor-scheduler)
   Compiling icalendar v0.17.13
   Compiling utoipa-swagger-ui v9.0.2
   Compiling rust-embed-impl v8.12.0
   Compiling hashlink v0.12.2
   Compiling kontor-context v0.2.1 (/Users/igor/.paseo/worktrees/0n8yzbno/feat-asma-8155-kontor-experience-memory-and/crates/kontor-context)
   Compiling utoipa-gen v5.5.0
   Compiling fallible-streaming-iterator v0.1.9
   Compiling ryu v1.0.23
   Compiling fallible-iterator v0.3.0
   Compiling rusqlite v0.40.2
   Compiling serde_urlencoded v0.7.1
   Compiling utoipa v5.5.0
   Compiling kontor-teams v0.2.1 (/Users/igor/.paseo/worktrees/0n8yzbno/feat-asma-8155-kontor-experience-memory-and/crates/kontor-teams)
   Compiling rust-embed v8.12.0
   Compiling kontor-calendar v0.2.1 (/Users/igor/.paseo/worktrees/0n8yzbno/feat-asma-8155-kontor-experience-memory-and/crates/kontor-calendar)
   Compiling axum-core v0.5.6
   Compiling futures-executor v0.3.34
   Compiling serde_path_to_error v0.1.20
   Compiling matchit v0.8.4
   Compiling axum v0.8.9
   Compiling futures v0.3.33
   Compiling kontor-store v0.2.1 (/Users/igor/.paseo/worktrees/0n8yzbno/feat-asma-8155-kontor-experience-memory-and/crates/kontor-store)
   Compiling tower-http v0.7.0
   Compiling secrecy v0.10.3
   Compiling tokio-stream v0.1.19
   Compiling kontor-api v0.2.1 (/Users/igor/.paseo/worktrees/0n8yzbno/feat-asma-8155-kontor-experience-memory-and/crates/kontor-api)
    Finished `test` profile [unoptimized] target(s) in 2m 54s
     Running tests/openapi_contract.rs (target/debug/deps/openapi_contract-02c129964b0f7653)
