   Compiling libc v0.2.189
   Compiling proc-macro2 v1.0.107
   Compiling unicode-ident v1.0.26
   Compiling quote v1.0.47
   Compiling jobserver v0.1.35
   Compiling serde_core v1.0.229
   Compiling find-msvc-tools v0.1.12
   Compiling syn v3.0.6
   Compiling shlex v2.0.1
   Compiling cc v1.4.6
   Compiling typenum v1.20.1
   Compiling hybrid-array v0.4.15
   Compiling cmake v0.1.58
   Compiling fs_extra v1.3.0
   Compiling dunce v1.0.5
   Compiling pkg-config v0.3.34
   Compiling aws-lc-sys v0.45.0
   Compiling cfg-if v1.0.5
   Compiling zmij v1.0.23
   Compiling getrandom v0.4.3
   Compiling crypto-common v0.2.2
   Compiling block-buffer v0.12.1
   Compiling const-oid v0.10.2
   Compiling serde v1.0.229
   Compiling serde_json v1.0.151
   Compiling thiserror v2.0.20
   Compiling digest v0.11.3
   Compiling serde_derive v1.0.229
   Compiling thiserror-impl v2.0.20
   Compiling cpufeatures v0.3.1
   Compiling errno v0.3.14
   Compiling itoa v1.0.18
   Compiling aws-lc-rs v1.18.1
   Compiling jiff-tzdb v0.1.8
   Compiling memchr v2.8.3
   Compiling jiff-core v0.1.1
   Compiling jiff v0.2.35
   Compiling signal-hook-registry v1.4.8
   Compiling sha2 v0.11.0
   Compiling uuid v1.24.0
   Compiling tokio-macros v2.7.2
   Compiling mio v1.2.3
   Compiling socket2 v0.6.5
   Compiling zeroize v1.9.0
   Compiling pin-project-lite v0.2.17
   Compiling bytes v1.12.1
   Compiling hex v0.4.3
   Compiling untrusted v0.7.1
   Compiling kontor-core v0.2.1 (/Users/igor/.local/state/asma/epics/ASMA-8278/prepared-diagnostic-20261004-0029/mutation-source/crates/kontor-core)
   Compiling tokio v1.53.1
   Compiling async-trait v0.1.92
   Compiling kontor-runtime v0.2.1 (/Users/igor/.local/state/asma/epics/ASMA-8278/prepared-diagnostic-20261004-0029/mutation-source/crates/kontor-runtime)
    Finished `test` profile [unoptimized + debuginfo] target(s) in 49.31s
     Running unittests src/lib.rs (/Users/igor/.local/state/asma/epics/ASMA-8278/prepared-diagnostic-20261004-0029/mutation-target/debug/deps/kontor_runtime-38fd6bad31f23716)

running 16 tests
test planning_pair::attestation::prepared_diagnostic::tests::selected_key_identity_and_immutable_registration_must_match_preparation ... ok
test planning_pair::attestation::prepared_diagnostic::tests::invalid_or_uncontained_prepared_intervals_precede_verification ... ok
test planning_pair::attestation::prepared_diagnostic::tests::key_revocation_is_refused_by_existing_verifier ... ok
test planning_pair::attestation::prepared_diagnostic::tests::exact_original_payload_digest_precedes_revocation_and_verification ... ok
test planning_pair::attestation::prepared_diagnostic::tests::scopes_and_fixed_application_precede_absent_rows ... ok
test planning_pair::attestation::prepared_diagnostic::tests::key_commitment_precedes_token_commitment_and_signature_precedes_final_metadata ... ok
test planning_pair::attestation::prepared_diagnostic::tests::selected_key_then_token_presence_precedes_bad_heads ... ok
test planning_pair::attestation::prepared_diagnostic::tests::projection_revisions_and_revocation_order_are_validated_before_commitments ... ok
test planning_pair::attestation::prepared_diagnostic::tests::consistency_returns_unit_with_historical_heads_and_no_current_provenance_claim ... ok
test planning_pair::attestation::prepared_diagnostic::tests::token_revocation_precedes_interval_and_signature_checks ... ok
test planning_pair::attestation::prepared_diagnostic::tests::supplied_time_operation_policy_and_request_identity_use_existing_verifier ... ok
test planning_pair::attestation::prepared_diagnostic::tests::size_precedes_scope_absence_and_parsing ... ok
test planning_pair::attestation::prepared_diagnostic::tests::selected_der_and_utf8_identifier_bounds_precede_hashing ... ok
test planning_pair::attestation::prepared_diagnostic::tests::signed_metadata_matches_every_exact_prepared_field_after_verification ... ok
test planning_pair::attestation::prepared_diagnostic::tests::signature_and_strict_payload_checks_are_delegated ... ok
test planning_pair::attestation::prepared_diagnostic::tests::key_material_commitments_are_recomputed_from_selected_der ... ok

test result: ok. 16 passed; 0 failed; 0 ignored; 0 measured; 141 filtered out; finished in 0.34s

